
TRAP step      1: T= 0.00000E+00, H= 1.00000E-05, ETAH= 5.00000E-06
  Preconditioner updated at T= 1.00000E-05, ETAH= 5.00000E-06
    1: error= 4.29922E-05
  AIN BCE solve succeeded:   1 iterations, error= 4.29922E-05
  Step accepted: no local error control

BDF2 step      2: T= 1.00000E-05, H= 1.00000E-05, ETAH= 6.66667E-06
    1: error= 4.63098E-05
  AIN BCE solve succeeded:   1 iterations, error= 4.63098E-05
  Step accepted: no local error control

BDF2 step      3: T= 2.00000E-05, H= 1.00000E-05, ETAH= 6.66667E-06
    1: error= 2.56044E-05
  AIN BCE solve succeeded:   1 iterations, error= 2.56044E-05
  Step accepted: no local error control

BDF2 step      4: T= 3.00000E-05, H= 1.00000E-05, ETAH= 6.66667E-06
    1: error= 7.10974E-08
  AIN BCE solve succeeded:   1 iterations, error= 7.10974E-08
  Step accepted: perr= 7.10985E-08

BDF2 step      5: T= 4.00000E-05, H= 4.00000E-05, ETAH= 2.22222E-05
  Preconditioner updated at T= 8.00000E-05, ETAH= 2.22222E-05
    1: error= 6.45038E-07
  AIN BCE solve succeeded:   1 iterations, error= 6.45038E-07
  Step accepted: perr= 6.45038E-07

BDF2 step      6: T= 8.00000E-05, H= 1.60000E-04, ETAH= 8.88889E-05
    1: error= 6.45755E-06
  AIN BCE solve succeeded:   1 iterations, error= 6.45755E-06
  Step accepted: perr= 6.45755E-06

BDF2 step      7: T= 2.40000E-04, H= 6.40000E-04, ETAH= 3.55556E-04
  Preconditioner updated at T= 8.80000E-04, ETAH= 3.55556E-04
    1: error= 1.98387E-03
    2: error= 1.85217E-06
  AIN BCE solve succeeded:   2 iterations, error= 1.85217E-06
  Step accepted: perr= 1.98394E-03

BDF2 step      8: T= 8.80000E-04, H= 2.56000E-03, ETAH= 1.42222E-03
    1: error= 2.55069E-02
    2: error= 7.21083E-02
    3: error= 5.11178E-04
  AIN BCE solve succeeded:   3 iterations, error= 5.11178E-04
  Step accepted: perr= 9.79898E-02

BDF2 step      9: T= 3.44000E-03, H= 3.48048E-03, ETAH= 2.20816E-03
  Preconditioner updated at T= 6.92048E-03, ETAH= 2.20816E-03
    1: error= 3.67451E-01
    2: error= 7.68398E-04
  AIN BCE solve succeeded:   2 iterations, error= 7.68398E-04
  Step accepted: perr= 3.67421E-01

BDF2 step     10: T= 6.92048E-03, H= 3.14255E-03, ETAH= 2.13128E-03
    1: error= 3.93996E-01
    2: error= 1.26287E-02
    3: error= 8.72474E-06
  AIN BCE solve succeeded:   3 iterations, error= 8.72474E-06
  Step accepted: perr= 3.81366E-01

BDF2 step     11: T= 1.00630E-02, H= 3.61870E-03, ETAH= 2.35713E-03
    1: error= 4.75969E-01
    2: error= 3.02429E-02
    3: error= 3.87802E-05
  AIN BCE solve succeeded:   3 iterations, error= 3.87802E-05
  Step accepted: perr= 5.05174E-01

BDF2 step     12: T= 1.36817E-02, H= 3.44237E-03, ETAH= 2.31418E-03
    1: error= 4.06808E-01
    2: error= 1.87085E-02
    3: error= 1.76034E-05
  AIN BCE solve succeeded:   3 iterations, error= 1.76034E-05
  Step accepted: perr= 4.24592E-01

BDF2 step     13: T= 1.71241E-02, H= 3.75327E-03, ETAH= 2.46666E-03
    1: error= 4.14279E-01
    2: error= 4.58919E-02
    3: error= 1.01713E-04
  AIN BCE solve succeeded:   3 iterations, error= 1.01713E-04
  Step accepted: perr= 4.59243E-01

BDF2 step     14: T= 2.08774E-02, H= 3.81549E-03, ETAH= 2.53671E-03
    1: error= 3.82972E-01
    2: error= 5.36215E-02
    3: error= 1.47792E-04
  AIN BCE solve succeeded:   3 iterations, error= 1.47792E-04
  Step accepted: perr= 4.35758E-01

BDF2 step     15: T= 2.46929E-02, H= 4.01902E-03, ETAH= 2.65634E-03
    1: error= 3.74490E-01
    2: error= 7.10344E-02
    3: error= 2.59037E-04
  AIN BCE solve succeeded:   3 iterations, error= 2.59037E-04
  Step accepted: perr= 4.44756E-01

BDF2 step     16: T= 2.87119E-02, H= 4.17139E-03, ETAH= 2.76379E-03
    1: error= 3.56083E-01
    2: error= 8.33697E-02
    3: error= 3.63252E-04
  AIN BCE solve succeeded:   3 iterations, error= 3.63252E-04
  Step accepted: perr= 4.38774E-01

BDF2 step     17: T= 3.28833E-02, H= 4.36295E-03, ETAH= 2.88703E-03
    1: error= 3.42355E-01
    2: error= 9.75328E-02
    3: error= 4.95855E-04
  AIN BCE solve succeeded:   3 iterations, error= 4.95855E-04
  Step accepted: perr= 4.39303E-01

BDF2 step     18: T= 3.72462E-02, H= 4.55638E-03, ETAH= 3.01579E-03
    1: error= 3.27325E-01
    2: error= 1.10541E-01
    3: error= 6.32047E-04
  AIN BCE solve succeeded:   3 iterations, error= 6.32047E-04
  Step accepted: perr= 4.37385E-01

BDF2 step     19: T= 4.18026E-02, H= 4.76650E-03, ETAH= 3.15397E-03
    1: error= 3.13168E-01
    2: error= 1.23445E-01
    3: error= 7.72268E-04
  AIN BCE solve succeeded:   3 iterations, error= 7.72268E-04
  Step accepted: perr= 4.36243E-01

BDF2 step     20: T= 4.65691E-02, H= 4.99087E-03, ETAH= 3.30194E-03
    1: error= 2.99247E-01
    2: error= 1.35986E-01
    3: error= 9.08482E-04
  AIN BCE solve succeeded:   3 iterations, error= 9.08482E-04
  Step accepted: perr= 4.34982E-01

BDF2 step     21: T= 5.15600E-02, H= 5.23030E-03, ETAH= 3.45985E-03
    1: error= 2.85647E-01
    2: error= 1.48109E-01
    3: error= 1.11937E-03
  AIN BCE solve succeeded:   3 iterations, error= 1.11937E-03
  Step accepted: perr= 4.33631E-01

BDF2 step     22: T= 5.67903E-02, H= 5.48744E-03, ETAH= 3.62927E-03
    1: error= 2.72458E-01
    2: error= 1.59941E-01
    3: error= 1.34190E-03
  AIN BCE solve succeeded:   3 iterations, error= 1.34190E-03
  Step accepted: perr= 4.32407E-01

BDF2 step     23: T= 6.22777E-02, H= 5.76224E-03, ETAH= 3.81047E-03
    1: error= 2.59595E-01
    2: error= 1.71361E-01
    3: error= 1.56609E-03
  AIN BCE solve succeeded:   3 iterations, error= 1.56609E-03
  Step accepted: perr= 4.31104E-01

BDF2 step     24: T= 6.80400E-02, H= 6.05712E-03, ETAH= 4.00477E-03
    1: error= 2.47141E-01
    2: error= 1.82456E-01
    3: error= 1.78349E-03
  AIN BCE solve succeeded:   3 iterations, error= 1.78349E-03
  Step accepted: perr= 4.29895E-01

BDF2 step     25: T= 7.40971E-02, H= 6.37281E-03, ETAH= 4.21287E-03
    1: error= 2.35060E-01
    2: error= 1.93165E-01
    3: error= 1.98448E-03
  AIN BCE solve succeeded:   3 iterations, error= 1.98448E-03
  Step accepted: perr= 4.28687E-01

BDF2 step     26: T= 8.04699E-02, H= 6.71124E-03, ETAH= 4.43591E-03
    1: error= 2.23387E-01
    2: error= 2.03522E-01
    3: error= 2.16280E-03
  AIN BCE solve succeeded:   3 iterations, error= 2.16280E-03
  Step accepted: perr= 4.27556E-01

BDF2 step     27: T= 8.71811E-02, H= 7.07368E-03, ETAH= 4.67481E-03
    1: error= 2.12118E-01
    2: error= 2.13501E-01
    3: error= 2.31529E-03
  AIN BCE solve succeeded:   3 iterations, error= 2.31529E-03
  Step accepted: perr= 4.26478E-01

BDF2 step     28: T= 9.42548E-02, H= 7.46179E-03, ETAH= 4.93064E-03
    1: error= 2.01269E-01
    2: error= 2.23107E-01
    3: error= 2.45703E-03
  AIN BCE solve succeeded:   3 iterations, error= 2.45703E-03
  Step accepted: perr= 4.25487E-01

BDF2 step     29: T= 1.01717E-01, H= 7.87706E-03, ETAH= 5.20441E-03
    1: error= 1.90843E-01
    2: error= 2.32328E-01
    3: error= 2.64162E-03
  AIN BCE solve succeeded:   3 iterations, error= 2.64162E-03
  Step accepted: perr= 4.24584E-01

BDF2 step     30: T= 1.09594E-01, H= 8.32104E-03, ETAH= 5.49714E-03
    1: error= 1.80849E-01
    2: error= 2.41157E-01
    3: error= 2.82838E-03
  AIN BCE solve succeeded:   3 iterations, error= 2.82838E-03
  Step accepted: perr= 4.23786E-01

BDF2 step     31: T= 1.17915E-01, H= 8.79521E-03, ETAH= 5.80982E-03
    1: error= 1.71291E-01
    2: error= 2.49579E-01
    3: error= 3.03137E-03
  AIN BCE solve succeeded:   3 iterations, error= 3.03137E-03
  Step accepted: perr= 4.23100E-01

BDF2 step     32: T= 1.26710E-01, H= 9.30101E-03, ETAH= 6.14344E-03
    1: error= 1.62172E-01
    2: error= 2.57581E-01
    3: error= 3.26767E-03
  AIN BCE solve succeeded:   3 iterations, error= 3.26767E-03
  Step accepted: perr= 4.22535E-01

BDF2 step     33: T= 1.36011E-01, H= 9.83983E-03, ETAH= 6.49890E-03
    1: error= 1.53491E-01
    2: error= 2.65146E-01
    3: error= 3.83175E-03
  AIN BCE solve succeeded:   3 iterations, error= 3.83175E-03
  Step accepted: perr= 4.22094E-01

BDF2 step     34: T= 1.45851E-01, H= 1.04130E-02, ETAH= 6.87711E-03
    1: error= 1.45246E-01
    2: error= 2.72252E-01
    3: error= 4.63823E-03
  AIN BCE solve succeeded:   3 iterations, error= 4.63823E-03
  Step accepted: perr= 4.21779E-01

BDF2 step     35: T= 1.56264E-01, H= 1.10217E-02, ETAH= 7.27892E-03
    1: error= 1.37429E-01
    2: error= 2.78874E-01
    3: error= 5.62320E-03
  AIN BCE solve succeeded:   3 iterations, error= 5.62320E-03
  Step accepted: perr= 4.21587E-01

BDF2 step     36: T= 1.67285E-01, H= 1.16673E-02, ETAH= 7.70513E-03
    1: error= 1.30033E-01
    2: error= 2.84982E-01
    3: error= 6.81966E-03
  AIN BCE solve succeeded:   3 iterations, error= 6.81966E-03
  Step accepted: perr= 4.21512E-01

BDF2 step     37: T= 1.78953E-01, H= 1.23509E-02, ETAH= 8.15655E-03
    1: error= 1.23047E-01
    2: error= 2.90540E-01
    3: error= 8.26628E-03
  AIN BCE solve succeeded:   3 iterations, error= 8.26628E-03
  Step accepted: perr= 4.21546E-01

BDF2 step     38: T= 1.91304E-01, H= 1.30736E-02, ETAH= 8.63394E-03
    1: error= 1.16457E-01
    2: error= 2.95507E-01
    3: error= 1.00088E-02
    4: error= 5.88674E-03
  AIN BCE solve succeeded:   4 iterations, error= 5.88674E-03
  Step accepted: perr= 4.20039E-01

BDF2 step     39: T= 2.04377E-01, H= 1.38656E-02, ETAH= 9.15403E-03
  Preconditioner updated at T= 2.18243E-01, ETAH= 9.15403E-03
    1: error= 4.25981E-01
    2: error= 3.71465E-03
  AIN BCE solve succeeded:   2 iterations, error= 3.71465E-03
  Step accepted: perr= 4.26166E-01

BDF2 step     40: T= 2.18243E-01, H= 1.45796E-02, ETAH= 9.63907E-03
    1: error= 3.99951E-01
    2: error= 2.25204E-02
    3: error= 5.02104E-05
  AIN BCE solve succeeded:   3 iterations, error= 5.02104E-05
  Step accepted: perr= 4.19118E-01

BDF2 step     41: T= 2.32822E-01, H= 1.55214E-02, ETAH= 1.02408E-02
    1: error= 3.83097E-01
    2: error= 4.41806E-02
    3: error= 1.45787E-04
  AIN BCE solve succeeded:   3 iterations, error= 1.45787E-04
  Step accepted: perr= 4.24023E-01

BDF2 step     42: T= 2.48344E-01, H= 1.63561E-02, ETAH= 1.08097E-02
    1: error= 3.62430E-01
    2: error= 6.20304E-02
    3: error= 2.95114E-04
  AIN BCE solve succeeded:   3 iterations, error= 2.95114E-04
  Step accepted: perr= 4.21340E-01

BDF2 step     43: T= 2.64700E-01, H= 1.73358E-02, ETAH= 1.14462E-02
    1: error= 3.46327E-01
    2: error= 8.08736E-02
    3: error= 4.99009E-04
  AIN BCE solve succeeded:   3 iterations, error= 4.99009E-04
  Step accepted: perr= 4.24185E-01

BDF2 step     44: T= 2.82036E-01, H= 1.82931E-02, ETAH= 1.20871E-02
    1: error= 3.28978E-01
    2: error= 9.74772E-02
    3: error= 7.24646E-04
  AIN BCE solve succeeded:   3 iterations, error= 7.24646E-04
  Step accepted: perr= 4.23582E-01

BDF2 step     45: T= 3.00329E-01, H= 1.93366E-02, ETAH= 1.27730E-02
    1: error= 3.13625E-01
    2: error= 1.13976E-01
    3: error= 9.78433E-04
  AIN BCE solve succeeded:   3 iterations, error= 9.78433E-04
  Step accepted: perr= 4.24874E-01

BDF2 step     46: T= 3.19665E-01, H= 2.04060E-02, ETAH= 1.34831E-02
    1: error= 2.98470E-01
    2: error= 1.29207E-01
    3: error= 1.26618E-03
  AIN BCE solve succeeded:   3 iterations, error= 1.26618E-03
  Step accepted: perr= 4.25117E-01

BDF2 step     47: T= 3.40071E-01, H= 2.15372E-02, ETAH= 1.42302E-02
    1: error= 2.84415E-01
    2: error= 1.43918E-01
    3: error= 1.62932E-03
  AIN BCE solve succeeded:   3 iterations, error= 1.62932E-03
  Step accepted: perr= 4.25950E-01

BDF2 step     48: T= 3.61609E-01, H= 2.27125E-02, ETAH= 1.50088E-02
    1: error= 2.70981E-01
    2: error= 1.57792E-01
    3: error= 2.17725E-03
  AIN BCE solve succeeded:   3 iterations, error= 2.17725E-03
  Step accepted: perr= 4.26570E-01

BDF2 step     49: T= 3.84321E-01, H= 2.39413E-02, ETAH= 1.58219E-02
    1: error= 2.58347E-01
    2: error= 1.71068E-01
    3: error= 2.87544E-03
  AIN BCE solve succeeded:   3 iterations, error= 2.87544E-03
  Step accepted: perr= 4.27382E-01

BDF2 step     50: T= 4.08262E-01, H= 2.52192E-02, ETAH= 1.66684E-02
    1: error= 2.46378E-01
    2: error= 1.83700E-01
    3: error= 3.63459E-03
  AIN BCE solve succeeded:   3 iterations, error= 3.63459E-03
  Step accepted: perr= 4.28201E-01

BDF2 step     51: T= 4.33482E-01, H= 2.65481E-02, ETAH= 1.75486E-02
    1: error= 2.35079E-01
    2: error= 1.95763E-01
    3: error= 4.37589E-03
  AIN BCE solve succeeded:   3 iterations, error= 4.37589E-03
  Step accepted: perr= 4.29102E-01

BDF2 step     52: T= 4.60030E-01, H= 2.79268E-02, ETAH= 1.84621E-02
    1: error= 2.24399E-01
    2: error= 2.07261E-01
    3: error= 5.04367E-03
  AIN BCE solve succeeded:   3 iterations, error= 5.04367E-03
  Step accepted: perr= 4.30044E-01

BDF2 step     53: T= 4.87956E-01, H= 2.93551E-02, ETAH= 1.94088E-02
    1: error= 2.14314E-01
    2: error= 2.18206E-01
    3: error= 5.59757E-03
  AIN BCE solve succeeded:   3 iterations, error= 5.59757E-03
  Step accepted: perr= 4.31024E-01

BDF2 step     54: T= 5.17312E-01, H= 3.08328E-02, ETAH= 2.03883E-02
    1: error= 2.04801E-01
    2: error= 2.28585E-01
    3: error= 6.02259E-03
  AIN BCE solve succeeded:   3 iterations, error= 6.02259E-03
  Step accepted: perr= 4.32020E-01

BDF2 step     55: T= 5.48144E-01, H= 3.23598E-02, ETAH= 2.14008E-02
    1: error= 1.95823E-01
    2: error= 2.38385E-01
    3: error= 6.33166E-03
  AIN BCE solve succeeded:   3 iterations, error= 6.33166E-03
  Step accepted: perr= 4.33005E-01

BDF2 step     56: T= 5.80504E-01, H= 3.39369E-02, ETAH= 2.24466E-02
    1: error= 1.87348E-01
    2: error= 2.47588E-01
    3: error= 6.55890E-03
  AIN BCE solve succeeded:   3 iterations, error= 6.55890E-03
  Step accepted: perr= 4.33946E-01

BDF2 step     57: T= 6.14441E-01, H= 3.55658E-02, ETAH= 2.35268E-02
    1: error= 1.79337E-01
    2: error= 2.56181E-01
    3: error= 6.74837E-03
  AIN BCE solve succeeded:   3 iterations, error= 6.74837E-03
  Step accepted: perr= 4.34798E-01

BDF2 step     58: T= 6.50007E-01, H= 3.72500E-02, ETAH= 2.46433E-02
    1: error= 1.71746E-01
    2: error= 2.68886E-01
    3: error= 6.94412E-03
  AIN BCE solve succeeded:   3 iterations, error= 6.94412E-03
  Step accepted: perr= 4.43404E-01

BDF2 step     59: T= 6.87257E-01, H= 3.86197E-02, ETAH= 2.55925E-02
    1: error= 1.74271E-01
    2: error= 2.92935E-01
    3: error= 6.92414E-03
  AIN BCE solve succeeded:   3 iterations, error= 6.92414E-03
  Step accepted: perr= 4.72823E-01

BDF2 step     60: T= 7.25877E-01, H= 3.88506E-02, ETAH= 2.58747E-02
    1: error= 1.69730E-01
    2: error= 2.89582E-01
    3: error= 6.15365E-03
  AIN BCE solve succeeded:   3 iterations, error= 6.15365E-03
  Step accepted: perr= 4.64207E-01

BDF2 step     61: T= 7.64727E-01, H= 4.00818E-02, ETAH= 2.65830E-02
    1: error= 1.67160E-01
    2: error= 2.96184E-01
    3: error= 5.91243E-03
  AIN BCE solve succeeded:   3 iterations, error= 5.91243E-03
  Step accepted: perr= 4.68019E-01

BDF2 step     62: T= 8.04809E-01, H= 4.09232E-02, ETAH= 2.71880E-02
    1: error= 1.60266E-01
    2: error= 2.92928E-01
    3: error= 5.56784E-03
  AIN BCE solve succeeded:   3 iterations, error= 5.56784E-03
  Step accepted: perr= 4.57571E-01

BDF2 step     63: T= 8.45732E-01, H= 4.23045E-02, ETAH= 2.80478E-02
    1: error= 1.55080E-01
    2: error= 2.95742E-01
    3: error= 5.56808E-03
  AIN BCE solve succeeded:   3 iterations, error= 5.56808E-03
  Step accepted: perr= 4.55257E-01

BDF2 step     64: T= 8.88037E-01, H= 4.36894E-02, ETAH= 2.89708E-02
    1: error= 1.48860E-01
    2: error= 2.96481E-01
    3: error= 5.65315E-03
  AIN BCE solve succeeded:   3 iterations, error= 5.65315E-03
  Step accepted: perr= 4.49905E-01

BDF2 step     65: T= 9.31726E-01, H= 4.53300E-02, ETAH= 3.00355E-02
    1: error= 1.43097E-01
    2: error= 2.98850E-01
    3: error= 5.92897E-03
  AIN BCE solve succeeded:   3 iterations, error= 5.92897E-03
  Step accepted: perr= 4.46839E-01

BDF2 step     66: T= 9.77056E-01, H= 4.71163E-02, ETAH= 3.12099E-02
    1: error= 1.37135E-01
    2: error= 3.00880E-01
    3: error= 6.33986E-03
  AIN BCE solve succeeded:   3 iterations, error= 6.33986E-03
  Step accepted: perr= 4.43363E-01

BDF2 step     67: T= 1.02417E+00, H= 4.91010E-02, ETAH= 3.25104E-02
    1: error= 1.31204E-01
    2: error= 3.02989E-01
    3: error= 6.91942E-03
  AIN BCE solve succeeded:   3 iterations, error= 6.91942E-03
  Step accepted: perr= 4.40164E-01

BDF2 step     68: T= 1.07327E+00, H= 5.12937E-02, ETAH= 3.39487E-02
    1: error= 1.25239E-01
    2: error= 3.04912E-01
    3: error= 7.68637E-03
  AIN BCE solve succeeded:   3 iterations, error= 7.68637E-03
  Step accepted: perr= 4.36934E-01

BDF2 step     69: T= 1.12457E+00, H= 5.37152E-02, ETAH= 3.55370E-02
    1: error= 1.19250E-01
    2: error= 3.06498E-01
    3: error= 8.68271E-03
  AIN BCE solve succeeded:   3 iterations, error= 8.68271E-03
  Step accepted: perr= 4.33572E-01

BDF2 step     70: T= 1.17828E+00, H= 5.64006E-02, ETAH= 3.72972E-02
  Preconditioner updated at T= 1.23468E+00, ETAH= 3.72972E-02
    1: error= 4.28131E-01
    2: error= 9.98104E-03
  AIN BCE solve succeeded:   2 iterations, error= 9.98104E-03
  Step accepted: perr= 4.31920E-01

BDF2 step     71: T= 1.23468E+00, H= 5.92476E-02, ETAH= 3.91769E-02
    1: error= 4.01902E-01
    2: error= 2.73204E-02
    3: error= 1.32958E-04
  AIN BCE solve succeeded:   3 iterations, error= 1.32958E-04
  Step accepted: perr= 4.23417E-01

BDF2 step     72: T= 1.29393E+00, H= 6.28643E-02, ETAH= 4.14998E-02
    1: error= 3.82140E-01
    2: error= 4.74624E-02
    3: error= 2.18052E-04
  AIN BCE solve succeeded:   3 iterations, error= 2.18052E-04
  Step accepted: perr= 4.24160E-01

BDF2 step     73: T= 1.35679E+00, H= 6.63415E-02, ETAH= 4.38344E-02
    1: error= 3.57792E-01
    2: error= 6.43789E-02
    3: error= 3.26997E-04
  AIN BCE solve succeeded:   3 iterations, error= 3.26997E-04
  Step accepted: perr= 4.17135E-01

BDF2 step     74: T= 1.42314E+00, H= 7.06885E-02, ETAH= 4.66325E-02
    1: error= 3.36477E-01
    2: error= 8.26769E-02
    3: error= 4.77929E-04
  AIN BCE solve succeeded:   3 iterations, error= 4.77929E-04
  Step accepted: perr= 4.14552E-01

BDF2 step     75: T= 1.49382E+00, H= 7.53214E-02, ETAH= 4.96887E-02
    1: error= 3.13105E-01
    2: error= 9.90357E-02
    3: error= 6.35565E-04
  AIN BCE solve succeeded:   3 iterations, error= 6.35565E-04
  Step accepted: perr= 4.08002E-01

BDF2 step     76: T= 1.56915E+00, H= 8.08127E-02, ETAH= 5.32508E-02
    1: error= 2.91002E-01
    2: error= 1.15513E-01
    3: error= 8.07152E-04
  AIN BCE solve succeeded:   3 iterations, error= 8.07152E-04
  Step accepted: perr= 4.02846E-01

BDF2 step     77: T= 1.64996E+00, H= 8.70325E-02, ETAH= 5.73137E-02
    1: error= 2.68326E-01
    2: error= 1.30613E-01
    3: error= 9.68952E-04
  AIN BCE solve succeeded:   3 iterations, error= 9.68952E-04
  Step accepted: perr= 3.95793E-01

BDF2 step     78: T= 1.73699E+00, H= 9.43539E-02, ETAH= 6.20675E-02
    1: error= 2.45999E-01
    2: error= 1.44863E-01
    3: error= 1.10187E-03
  AIN BCE solve succeeded:   3 iterations, error= 1.10187E-03
  Step accepted: perr= 3.88294E-01

BDF2 step     79: T= 1.83135E+00, H= 1.02977E-01, ETAH= 6.76654E-02
    1: error= 2.23461E-01
    2: error= 1.57497E-01
    3: error= 1.50427E-03
  AIN BCE solve succeeded:   3 iterations, error= 1.50427E-03
  Step accepted: perr= 3.79052E-01

BDF2 step     80: T= 1.93432E+00, H= 1.13382E-01, ETAH= 7.43953E-02
    1: error= 2.00797E-01
    2: error= 1.68207E-01
    3: error= 2.49818E-03
  AIN BCE solve succeeded:   3 iterations, error= 2.49818E-03
  Step accepted: perr= 3.67884E-01

BDF2 step     81: T= 2.04770E+00, H= 1.26213E-01, ETAH= 8.26665E-02
    1: error= 1.93329E-01
    2: error= 1.80674E-01
    3: error= 4.35366E-03
  AIN BCE solve succeeded:   3 iterations, error= 4.35366E-03
  Step accepted: perr= 3.67839E-01

BDF2 step     82: T= 2.17392E+00, H= 1.39655E-01, ETAH= 9.15601E-02
    1: error= 1.95506E-01
    2: error= 2.04718E-01
    3: error= 7.46310E-03
  AIN BCE solve succeeded:   3 iterations, error= 7.46310E-03
  Step accepted: perr= 3.90320E-01

BDF2 step     83: T= 2.31357E+00, H= 1.49866E-01, ETAH= 9.87496E-02
    1: error= 1.90898E-01
    2: error= 2.12547E-01
    3: error= 1.13203E-02
    4: error= 4.22257E-03
  AIN BCE solve succeeded:   4 iterations, error= 4.22257E-03
  Step accepted: perr= 3.89163E-01

BDF2 step     84: T= 2.46344E+00, H= 1.63370E-01, ETAH= 1.07370E-01
    1: error= 1.95670E-01
    2: error= 2.29525E-01
    3: error= 1.87833E-02
    4: error= 6.37084E-03
  AIN BCE solve succeeded:   4 iterations, error= 6.37084E-03
  Step accepted: perr= 4.09212E-01

BDF2 step     85: T= 2.62681E+00, H= 1.73074E-01, ETAH= 1.14284E-01
    1: error= 1.89056E-01
    2: error= 2.30664E-01
    3: error= 2.50768E-02
    4: error= 9.44890E-03
  AIN BCE solve succeeded:   4 iterations, error= 9.44890E-03
  Step accepted: perr= 4.01923E-01

BDF2 step     86: T= 2.79988E+00, H= 1.86950E-01, ETAH= 1.23052E-01
    1: error= 1.92579E-01
    2: error= 2.47732E-01
    3: error= 3.52835E-02
    4: error= 1.30152E-02
    5: error= 4.53823E-03
  AIN BCE solve succeeded:   5 iterations, error= 4.53823E-03
  Step accepted: perr= 4.23061E-01

BDF2 step     87: T= 2.98683E+00, H= 1.95748E-01, ETAH= 1.29506E-01
    1: error= 1.88923E-01
    2: error= 2.54372E-01
    3: error= 4.15088E-02
    4: error= 1.49793E-02
    5: error= 5.00302E-03
  AIN BCE solve succeeded:   5 iterations, error= 5.00302E-03
  Step accepted: perr= 4.23793E-01

BDF2 step     88: T= 3.18258E+00, H= 2.06906E-01, ETAH= 1.36675E-01
    1: error= 1.93478E-01
    2: error= 2.75713E-01
    3: error= 5.09699E-02
    4: error= 1.72746E-02
    5: error= 6.02730E-03
  AIN BCE solve succeeded:   5 iterations, error= 6.02730E-03
  Step accepted: perr= 4.48004E-01

BDF2 step     89: T= 3.38949E+00, H= 2.12494E-01, ETAH= 1.41036E-01
    1: error= 1.89486E-01
    2: error= 2.84703E-01
    3: error= 5.35389E-02
    4: error= 1.93863E-02
    5: error= 5.90438E-03
  AIN BCE solve succeeded:   5 iterations, error= 5.90438E-03
  Step accepted: perr= 4.50155E-01

BDF2 step     90: T= 3.60198E+00, H= 2.20106E-01, ETAH= 1.45882E-01
    1: error= 1.87564E-01
    2: error= 3.00706E-01
    3: error= 5.63686E-02
    4: error= 2.12484E-02
    5: error= 5.85256E-03
  AIN BCE solve succeeded:   5 iterations, error= 5.85256E-03
  Step accepted: perr= 4.61758E-01

BDF2 step     91: T= 3.82209E+00, H= 2.25144E-01, ETAH= 1.49532E-01
  Preconditioner updated at T= 4.04723E+00, ETAH= 1.49532E-01
    1: error= 4.56902E-01
    2: error= 1.78763E-02
    3: error= 9.41673E-05
  AIN BCE solve succeeded:   3 iterations, error= 9.41673E-05
  Step accepted: perr= 4.66579E-01

BDF2 step     92: T= 4.04723E+00, H= 2.12739E-01, ETAH= 1.43178E-01
    1: error= 4.13193E-01
    2: error= 1.12340E-02
    3: error= 5.87412E-05
  AIN BCE solve succeeded:   3 iterations, error= 5.87412E-05
  Step accepted: perr= 4.04913E-01

BDF2 step     93: T= 4.25997E+00, H= 2.01019E-01, ETAH= 1.35290E-01
    1: error= 3.72922E-01
    2: error= 3.07577E-02
    3: error= 2.54319E-04
  AIN BCE solve succeeded:   3 iterations, error= 2.54319E-04
  Step accepted: perr= 3.44922E-01

BDF2 step     94: T= 4.46099E+00, H= 1.89944E-01, ETAH= 1.27836E-01
    1: error= 3.38118E-01
    2: error= 4.51236E-02
    3: error= 4.27420E-04
  AIN BCE solve succeeded:   3 iterations, error= 4.27420E-04
  Step accepted: perr= 2.93424E-01

BDF2 step     95: T= 4.65093E+00, H= 1.79479E-01, ETAH= 1.20793E-01
    1: error= 3.02102E-01
    2: error= 5.47183E-02
    3: error= 5.53084E-04
  AIN BCE solve succeeded:   3 iterations, error= 5.53084E-04
  Step accepted: perr= 2.47935E-01

BDF2 step     96: T= 4.83041E+00, H= 1.69590E-01, ETAH= 1.14138E-01
    1: error= 2.67373E-01
    2: error= 6.04380E-02
    3: error= 6.31479E-04
  AIN BCE solve succeeded:   3 iterations, error= 6.31479E-04
  Step accepted: perr= 2.07565E-01

BDF2 step     97: T= 5.00000E+00, H= 2.75986E-01, ETAH= 1.70426E-01
    1: error= 4.91611E-01
    2: error= 8.49804E-02
    3: error= 7.24398E-04
  AIN BCE solve succeeded:   3 iterations, error= 7.24398E-04
  Step accepted: perr= 5.68238E-01

BDF2 step     98: T= 5.27599E+00, H= 2.11300E-01, ETAH= 1.47389E-01
    1: error= 3.66579E-01
    2: error= 8.65464E-03
  AIN BCE solve succeeded:   2 iterations, error= 8.65464E-03
  Step accepted: perr= 3.67106E-01

BDF2 step     99: T= 5.48729E+00, H= 2.60817E-01, ETAH= 1.68004E-01
    1: error= 4.98347E-01
    2: error= 7.75183E-02
    3: error= 6.56465E-04
  AIN BCE solve succeeded:   3 iterations, error= 6.56465E-04
  Step accepted: perr= 5.67547E-01

BDF2 step    100: T= 5.74810E+00, H= 2.33039E-01, ETAH= 1.58328E-01
    1: error= 4.16374E-01
    2: error= 3.88585E-02
    3: error= 3.09642E-04
  AIN BCE solve succeeded:   3 iterations, error= 3.09642E-04
  Step accepted: perr= 4.47367E-01

BDF2 step    101: T= 5.98114E+00, H= 2.51310E-01, ETAH= 1.65459E-01
    1: error= 4.52681E-01
    2: error= 6.25361E-02
    3: error= 5.17790E-04
  AIN BCE solve succeeded:   3 iterations, error= 5.17790E-04
  Step accepted: perr= 5.07629E-01

BDF2 step    102: T= 6.23245E+00, H= 2.45985E-01, ETAH= 1.64578E-01
    1: error= 4.20565E-01
    2: error= 5.55448E-02
    3: error= 4.57438E-04
  AIN BCE solve succeeded:   3 iterations, error= 4.57438E-04
  Step accepted: perr= 4.69064E-01

BDF2 step    103: T= 6.47844E+00, H= 2.53741E-01, ETAH= 1.68290E-01
    1: error= 4.23254E-01
    2: error= 6.55566E-02
    3: error= 5.50150E-04
  AIN BCE solve succeeded:   3 iterations, error= 5.50150E-04
  Step accepted: perr= 4.82328E-01

BDF2 step    104: T= 6.73218E+00, H= 2.56146E-01, ETAH= 1.70496E-01
    1: error= 4.10027E-01
    2: error= 6.89638E-02
    3: error= 5.82716E-04
  AIN BCE solve succeeded:   3 iterations, error= 5.82716E-04
  Step accepted: perr= 4.73102E-01

BDF2 step    105: T= 6.98832E+00, H= 2.61385E-01, ETAH= 1.73671E-01
    1: error= 4.03843E-01
    2: error= 7.60512E-02
    3: error= 6.45462E-04
  AIN BCE solve succeeded:   3 iterations, error= 6.45462E-04
  Step accepted: perr= 4.74265E-01

BDF2 step    106: T= 7.24971E+00, H= 2.66102E-01, ETAH= 1.76874E-01
    1: error= 3.95010E-01
    2: error= 8.23823E-02
    3: error= 7.00811E-04
  AIN BCE solve succeeded:   3 iterations, error= 7.00811E-04
  Step accepted: perr= 4.72057E-01

BDF2 step    107: T= 7.51581E+00, H= 2.71357E-01, ETAH= 1.80317E-01
    1: error= 3.86782E-01
    2: error= 8.90590E-02
    3: error= 7.58540E-04
  AIN BCE solve succeeded:   3 iterations, error= 7.58540E-04
  Step accepted: perr= 4.70794E-01

BDF2 step    108: T= 7.78717E+00, H= 2.77026E-01, ETAH= 1.84050E-01
    1: error= 3.78398E-01
    2: error= 9.60100E-02
    3: error= 8.17869E-04
  AIN BCE solve succeeded:   3 iterations, error= 8.17869E-04
  Step accepted: perr= 4.69656E-01

BDF2 step    109: T= 8.06419E+00, H= 2.82958E-01, ETAH= 1.87975E-01
    1: error= 3.69722E-01
    2: error= 1.02909E-01
    3: error= 8.75653E-04
  AIN BCE solve succeeded:   3 iterations, error= 8.75653E-04
  Step accepted: perr= 4.68178E-01

BDF2 step    110: T= 8.34715E+00, H= 2.89388E-01, ETAH= 1.92206E-01
    1: error= 3.61115E-01
    2: error= 1.10067E-01
    3: error= 9.34626E-04
  AIN BCE solve succeeded:   3 iterations, error= 9.34626E-04
  Step accepted: perr= 4.67030E-01

BDF2 step    111: T= 8.63654E+00, H= 2.83674E-01, ETAH= 1.89747E-01
    1: error= 3.32684E-01
    2: error= 9.61418E-02
    3: error= 8.01443E-04
  AIN BCE solve succeeded:   3 iterations, error= 8.01443E-04
  Step accepted: perr= 4.24908E-01

BDF2 step    112: T= 8.92022E+00, H= 2.78074E-01, ETAH= 1.86001E-01
    1: error= 3.03649E-01
    2: error= 8.04900E-02
    3: error= 6.59320E-04
  AIN BCE solve succeeded:   3 iterations, error= 6.59320E-04
  Step accepted: perr= 3.80423E-01

BDF2 step    113: T= 9.19829E+00, H= 2.72583E-01, ETAH= 1.82328E-01
    1: error= 2.73571E-01
    2: error= 6.61072E-02
    3: error= 5.34406E-04
  AIN BCE solve succeeded:   3 iterations, error= 5.34406E-04
  Step accepted: perr= 3.36214E-01

BDF2 step    114: T= 9.47087E+00, H= 2.67202E-01, ETAH= 1.78728E-01
    1: error= 2.45378E-01
    2: error= 5.36584E-02
    3: error= 4.30621E-04
  AIN BCE solve succeeded:   3 iterations, error= 4.30621E-04
  Step accepted: perr= 2.95828E-01

BDF2 step    115: T= 9.73807E+00, H= 2.61926E-01, ETAH= 1.75200E-01
    1: error= 2.19809E-01
    2: error= 4.31175E-02
    3: error= 3.45718E-04
  AIN BCE solve succeeded:   3 iterations, error= 3.45718E-04
  Step accepted: perr= 2.59966E-01

BDF2 step    116: T= 1.00000E+01, H= 3.73047E-01, ETAH= 2.34990E-01
    1: error= 3.27044E-01
    2: error= 1.87076E-01
    3: error= 1.61185E-03
  AIN BCE solve succeeded:   3 iterations, error= 1.61185E-03
  Step accepted: perr= 5.11191E-01

BDF2 step    117: T= 1.03730E+01, H= 3.17666E-01, ETAH= 2.17593E-01
    1: error= 2.59907E-01
    2: error= 1.20379E-01
    3: error= 9.61156E-04
  AIN BCE solve succeeded:   3 iterations, error= 9.61156E-04
  Step accepted: perr= 3.77793E-01

BDF2 step    118: T= 1.06907E+01, H= 3.74871E-01, ETAH= 2.43217E-01
    1: error= 3.16633E-01
    2: error= 1.97075E-01
    3: error= 1.69626E-03
  AIN BCE solve succeeded:   3 iterations, error= 1.69626E-03
  Step accepted: perr= 5.10969E-01

BDF2 step    119: T= 1.10656E+01, H= 3.54483E-01, ETAH= 2.38545E-01
    1: error= 2.73009E-01
    2: error= 1.61989E-01
    3: error= 1.32604E-03
  AIN BCE solve succeeded:   3 iterations, error= 1.32604E-03
  Step accepted: perr= 4.32568E-01

BDF2 step    120: T= 1.14201E+01, H= 3.82153E-01, ETAH= 2.51618E-01
    1: error= 2.83506E-01
    2: error= 1.91010E-01
    3: error= 1.61213E-03
  AIN BCE solve succeeded:   3 iterations, error= 1.61213E-03
  Step accepted: perr= 4.72104E-01

BDF2 step    121: T= 1.18022E+01, H= 3.85068E-01, ETAH= 2.56387E-01
    1: error= 2.62831E-01
    2: error= 1.84725E-01
    3: error= 1.53935E-03
  AIN BCE solve succeeded:   3 iterations, error= 1.53935E-03
  Step accepted: perr= 4.45344E-01

BDF2 step    122: T= 1.21873E+01, H= 4.03237E-01, ETAH= 2.66775E-01
    1: error= 2.58245E-01
    2: error= 1.97827E-01
    3: error= 1.65919E-03
  AIN BCE solve succeeded:   3 iterations, error= 1.65919E-03
  Step accepted: perr= 4.53971E-01

BDF2 step    123: T= 1.25905E+01, H= 4.15645E-01, ETAH= 2.75704E-01
    1: error= 2.46343E-01
    2: error= 2.02027E-01
    3: error= 1.68771E-03
  AIN BCE solve succeeded:   3 iterations, error= 1.68771E-03
  Step accepted: perr= 4.46422E-01

BDF2 step    124: T= 1.30062E+01, H= 4.09914E-01, ETAH= 2.73910E-01
    1: error= 2.21552E-01
    2: error= 1.79240E-01
    3: error= 1.46023E-03
  AIN BCE solve succeeded:   3 iterations, error= 1.46023E-03
  Step accepted: perr= 3.99000E-01

BDF2 step    125: T= 1.34161E+01, H= 4.04263E-01, ETAH= 2.70134E-01
    1: error= 1.96756E-01
    2: error= 1.54629E-01
    3: error= 1.23071E-03
  AIN BCE solve succeeded:   3 iterations, error= 1.23071E-03
  Step accepted: perr= 3.49736E-01

BDF2 step    126: T= 1.38203E+01, H= 3.98689E-01, ETAH= 2.66409E-01
    1: error= 1.72179E-01
    2: error= 1.31388E-01
    3: error= 1.02077E-03
  AIN BCE solve succeeded:   3 iterations, error= 1.02077E-03
  Step accepted: perr= 3.02083E-01

BDF2 step    127: T= 1.42190E+01, H= 3.93192E-01, ETAH= 2.62736E-01
    1: error= 1.49921E-01
    2: error= 1.11029E-01
    3: error= 8.42562E-04
  AIN BCE solve succeeded:   3 iterations, error= 8.42562E-04
  Step accepted: perr= 2.59625E-01

BDF2 step    128: T= 1.46122E+01, H= 3.87771E-01, ETAH= 2.59114E-01
    1: error= 1.30381E-01
    2: error= 9.36594E-02
    3: error= 6.95653E-04
  AIN BCE solve succeeded:   3 iterations, error= 6.95653E-04
  Step accepted: perr= 2.22863E-01
