
TRAP step      1: T= 0.00000E+00, H= 1.00000E+00, ETAH= 5.00000E-01
  Preconditioner updated at T= 1.00000E+00, ETAH= 5.00000E-01
    1: error= 7.01493E-02
    2: error= 2.62446E-03
  AIN BCE solve succeeded:   2 iterations, error= 2.62446E-03
  Step accepted: no local error control

BDF2 step      2: T= 1.00000E+00, H= 1.00000E+00, ETAH= 6.66667E-01
    1: error= 4.08300E-01
    2: error= 1.93577E-02
    3: error= 1.08081E-03
  AIN BCE solve succeeded:   3 iterations, error= 1.08081E-03
  Step accepted: no local error control

BDF2 step      3: T= 2.00000E+00, H= 1.00000E+00, ETAH= 6.66667E-01
    1: error= 6.47730E-02
    2: error= 1.97650E-02
    3: error= 5.63125E-04
  AIN BCE solve succeeded:   3 iterations, error= 5.63125E-04
  Step accepted: no local error control

BDF2 step      4: T= 3.00000E+00, H= 1.00000E+00, ETAH= 6.66667E-01
    1: error= 5.14844E-02
    2: error= 1.48346E-02
    3: error= 1.71925E-04
  AIN BCE solve succeeded:   3 iterations, error= 1.71925E-04
  Step accepted: perr= 6.50933E-02

BDF2 step      5: T= 4.00000E+00, H= 2.67828E+00, ETAH= 1.54981E+00
    1: error= 1.34978E-01
    2: error= 1.59296E-01
    3: error= 5.54623E-03
  AIN BCE solve succeeded:   3 iterations, error= 5.54623E-03
  Step accepted: perr= 2.91823E-01

BDF2 step      6: T= 6.67828E+00, H= 2.48310E+00, ETAH= 1.67653E+00
    1: error= 1.09494E-01
    2: error= 4.04653E-02
    3: error= 8.53154E-03
  AIN BCE solve succeeded:   3 iterations, error= 8.53154E-03
  Step accepted: perr= 1.09494E-01

BDF2 step      7: T= 9.16137E+00, H= 4.87865E+00, ETAH= 2.93417E+00
  Preconditioner updated at T= 1.40400E+01, ETAH= 2.93417E+00
    1: error= 4.98964E-01
    2: error= 2.73249E-02
    3: error= 2.93715E-03
  AIN BCE solve succeeded:   3 iterations, error= 2.93715E-03
  Step accepted: perr= 4.98964E-01

BDF2 step      8: T= 1.40400E+01, H= 3.76054E+00, ETAH= 2.62006E+00
    1: error= 4.98959E-01
    2: error= 2.43558E-02
    3: error= 3.02232E-03
  AIN BCE solve succeeded:   3 iterations, error= 3.02232E-03
  Step accepted: perr= 4.98959E-01

BDF2 step      9: T= 1.78006E+01, H= 3.82763E+00, ETAH= 2.54425E+00
    1: error= 5.19594E-01
    2: error= 2.45258E-02
    3: error= 3.37857E-03
  AIN BCE solve succeeded:   3 iterations, error= 3.37857E-03
  Step accepted: perr= 4.98749E-01

BDF2 step     10: T= 2.16282E+01, H= 4.00102E+00, ETAH= 2.64780E+00
    1: error= 5.38167E-01
    2: error= 3.13548E-02
    3: error= 3.58474E-03
  AIN BCE solve succeeded:   3 iterations, error= 3.58474E-03
  Step accepted: perr= 5.23119E-01

BDF2 step     11: T= 2.56292E+01, H= 3.81360E+00, ETAH= 2.56289E+00
    1: error= 4.96516E-01
    2: error= 2.44790E-02
    3: error= 3.22710E-03
  AIN BCE solve succeeded:   3 iterations, error= 3.22710E-03
  Step accepted: perr= 4.74994E-01

BDF2 step     12: T= 2.94428E+01, H= 3.97632E+00, ETAH= 2.63255E+00
    1: error= 5.22829E-01
    2: error= 2.98254E-02
    3: error= 3.49957E-03
  AIN BCE solve succeeded:   3 iterations, error= 3.49957E-03
  Step accepted: perr= 5.06363E-01

BDF2 step     13: T= 3.34191E+01, H= 3.90919E+00, ETAH= 2.61354E+00
    1: error= 5.07169E-01
    2: error= 2.79279E-02
    3: error= 3.37986E-03
  AIN BCE solve succeeded:   3 iterations, error= 3.37986E-03
  Step accepted: perr= 4.90195E-01

BDF2 step     14: T= 3.73283E+01, H= 3.95252E+00, ETAH= 2.63018E+00
    1: error= 5.16764E-01
    2: error= 2.93999E-02
    3: error= 3.46757E-03
  AIN BCE solve succeeded:   3 iterations, error= 3.46757E-03
  Step accepted: perr= 4.99527E-01

BDF2 step     15: T= 4.12808E+01, H= 3.94705E+00, ETAH= 2.63198E+00
    1: error= 5.14499E-01
    2: error= 2.93667E-02
    3: error= 3.45467E-03
  AIN BCE solve succeeded:   3 iterations, error= 3.45467E-03
  Step accepted: perr= 4.97436E-01

BDF2 step     16: T= 4.52279E+01, H= 3.95273E+00, ETAH= 2.63452E+00
    1: error= 5.15084E-01
    2: error= 2.95423E-02
    3: error= 3.46224E-03
  AIN BCE solve succeeded:   3 iterations, error= 3.46224E-03
  Step accepted: perr= 4.98232E-01

BDF2 step     17: T= 4.91806E+01, H= 3.95878E+00, ETAH= 2.63851E+00
    1: error= 5.14774E-01
    2: error= 2.97459E-02
    3: error= 3.46570E-03
  AIN BCE solve succeeded:   3 iterations, error= 3.46570E-03
  Step accepted: perr= 4.98285E-01

BDF2 step     18: T= 5.31394E+01, H= 3.96242E+00, ETAH= 2.64121E+00
    1: error= 5.14109E-01
    2: error= 2.98590E-02
    3: error= 3.46551E-03
  AIN BCE solve succeeded:   3 iterations, error= 3.46551E-03
  Step accepted: perr= 4.97840E-01

BDF2 step     19: T= 5.71018E+01, H= 3.96902E+00, ETAH= 2.64528E+00
    1: error= 5.14062E-01
    2: error= 3.00844E-02
    3: error= 3.47139E-03
  AIN BCE solve succeeded:   3 iterations, error= 3.47139E-03
  Step accepted: perr= 4.98126E-01

BDF2 step     20: T= 6.10708E+01, H= 3.97348E+00, ETAH= 2.64849E+00
    1: error= 5.13713E-01
    2: error= 3.02444E-02
    3: error= 3.47407E-03
  AIN BCE solve succeeded:   3 iterations, error= 3.47407E-03
  Step accepted: perr= 4.98033E-01

BDF2 step     21: T= 6.50443E+01, H= 3.97880E+00, ETAH= 2.65194E+00
    1: error= 5.13639E-01
    2: error= 3.04329E-02
    3: error= 3.47885E-03
  AIN BCE solve succeeded:   3 iterations, error= 3.47885E-03
  Step accepted: perr= 4.98235E-01

BDF2 step     22: T= 6.90231E+01, H= 3.98325E+00, ETAH= 2.65500E+00
    1: error= 5.13466E-01
    2: error= 3.05941E-02
    3: error= 3.48239E-03
  AIN BCE solve succeeded:   3 iterations, error= 3.48239E-03
  Step accepted: perr= 4.98305E-01

BDF2 step     23: T= 7.30063E+01, H= 3.98763E+00, ETAH= 2.65793E+00
    1: error= 5.13418E-01
    2: error= 3.07538E-02
    3: error= 3.48636E-03
  AIN BCE solve succeeded:   3 iterations, error= 3.48636E-03
  Step accepted: perr= 4.98456E-01

BDF2 step     24: T= 7.69940E+01, H= 3.99156E+00, ETAH= 2.66060E+00
    1: error= 5.13459E-01
    2: error= 3.09002E-02
    3: error= 3.49009E-03
  AIN BCE solve succeeded:   3 iterations, error= 3.49009E-03
  Step accepted: perr= 4.98604E-01

BDF2 step     25: T= 8.09855E+01, H= 3.99506E+00, ETAH= 2.66299E+00
    1: error= 5.13558E-01
    2: error= 3.10346E-02
    3: error= 3.49378E-03
  AIN BCE solve succeeded:   3 iterations, error= 3.49378E-03
  Step accepted: perr= 4.98786E-01

BDF2 step     26: T= 8.49806E+01, H= 3.99806E+00, ETAH= 2.66504E+00
    1: error= 5.13708E-01
    2: error= 3.11542E-02
    3: error= 3.49732E-03
  AIN BCE solve succeeded:   3 iterations, error= 3.49732E-03
  Step accepted: perr= 4.98992E-01

BDF2 step     27: T= 8.89787E+01, H= 4.00046E+00, ETAH= 2.66671E+00
    1: error= 5.13911E-01
    2: error= 3.12562E-02
    3: error= 3.50064E-03
  AIN BCE solve succeeded:   3 iterations, error= 3.50064E-03
  Step accepted: perr= 4.99222E-01

BDF2 step     28: T= 9.29791E+01, H= 4.00222E+00, ETAH= 2.66795E+00
    1: error= 5.14171E-01
    2: error= 3.13391E-02
    3: error= 3.50372E-03
  AIN BCE solve succeeded:   3 iterations, error= 3.50372E-03
  Step accepted: perr= 4.99477E-01

BDF2 step     29: T= 9.69813E+01, H= 4.00327E+00, ETAH= 2.66873E+00
    1: error= 4.09689E-01
    2: error= 2.37995E-02
    3: error= 2.58817E-03
  AIN BCE solve succeeded:   3 iterations, error= 2.58817E-03
  Step accepted: perr= 4.00714E-01

BDF2 step     30: T= 1.00985E+02, H= 4.50788E+00, ETAH= 2.94701E+00
    1: error= 4.83673E+00
    2: error= 2.83582E-01
    3: error= 2.62137E-02
    4: error= 9.60808E-04
  AIN BCE solve succeeded:   4 iterations, error= 9.60808E-04
  Step REJECTED: perr= 4.83673E+00
  Changing H by a factor of  0.500

BDF2 step     30: T= 1.00985E+02, H= 2.25394E+00, ETAH= 1.65705E+00
    1: error= 1.51858E+00
    2: error= 2.14002E-01
    3: error= 1.21445E-02
    4: error= 3.93781E-04
  AIN BCE solve succeeded:   4 iterations, error= 3.93781E-04
  Step accepted: perr= 1.51858E+00

BDF2 step     31: T= 1.03239E+02, H= 1.58342E+00, ETAH= 1.12090E+00
    1: error= 6.05020E-01
    2: error= 2.67052E-01
    3: error= 1.35674E-02
    4: error= 2.64951E-04
  AIN BCE solve succeeded:   4 iterations, error= 2.64951E-04
  Step accepted: perr= 4.22842E-01

BDF2 step     32: T= 1.04822E+02, H= 2.33206E+00, ETAH= 1.46156E+00
    1: error= 6.51249E-01
    2: error= 1.86229E-01
    3: error= 3.03459E-03
  AIN BCE solve succeeded:   3 iterations, error= 3.03459E-03
  Step accepted: perr= 4.68147E-01

BDF2 step     33: T= 1.07154E+02, H= 2.18414E+00, ETAH= 1.47217E+00
    1: error= 2.37134E-01
    2: error= 6.12562E-02
    3: error= 7.83599E-04
  AIN BCE solve succeeded:   3 iterations, error= 7.83599E-04
  Step accepted: perr= 1.76607E-01

BDF2 step     34: T= 1.09338E+02, H= 3.61376E+00, ETAH= 2.22620E+00
    1: error= 1.65970E-01
    2: error= 1.33630E-02
    3: error= 4.47004E-04
  AIN BCE solve succeeded:   3 iterations, error= 4.47004E-04
  Step accepted: perr= 1.52820E-01

BDF2 step     35: T= 1.12952E+02, H= 5.00000E+00, ETAH= 3.16362E+00
    1: error= 1.88964E-02
    2: error= 1.95653E-03
  AIN BCE solve succeeded:   2 iterations, error= 1.95653E-03
  Step accepted: perr= 2.00184E-02

BDF2 step     36: T= 1.17952E+02, H= 5.00000E+00, ETAH= 3.33333E+00
    1: error= 1.87001E-02
    2: error= 2.23207E-03
  AIN BCE solve succeeded:   2 iterations, error= 2.23207E-03
  Step accepted: perr= 2.03396E-02

BDF2 step     37: T= 1.22952E+02, H= 5.00000E+00, ETAH= 3.33333E+00
    1: error= 1.09947E-02
    2: error= 1.32921E-03
  AIN BCE solve succeeded:   2 iterations, error= 1.32921E-03
  Step accepted: perr= 1.21778E-02

BDF2 step     38: T= 1.27952E+02, H= 5.00000E+00, ETAH= 3.33333E+00
    1: error= 3.08739E-03
    2: error= 3.60269E-04
  AIN BCE solve succeeded:   2 iterations, error= 3.60269E-04
  Step accepted: perr= 3.35004E-03

BDF2 step     39: T= 1.32952E+02, H= 5.00000E+00, ETAH= 3.33333E+00
    1: error= 1.68587E-04
    2: error= 1.70160E-05
  AIN BCE solve succeeded:   2 iterations, error= 1.70160E-05
  Step accepted: perr= 1.82784E-04

BDF2 step     40: T= 1.37952E+02, H= 5.00000E+00, ETAH= 3.33333E+00
    1: error= 3.00380E-04
    2: error= 3.57854E-05
  AIN BCE solve succeeded:   2 iterations, error= 3.57854E-05
  Step accepted: perr= 3.27250E-04

BDF2 step     41: T= 1.42952E+02, H= 5.00000E+00, ETAH= 3.33333E+00
    1: error= 1.69181E-04
    2: error= 1.91330E-05
  AIN BCE solve succeeded:   2 iterations, error= 1.91330E-05
  Step accepted: perr= 1.83612E-04

BDF2 step     42: T= 1.47952E+02, H= 5.00000E+00, ETAH= 3.33333E+00
    1: error= 4.61087E-05
  AIN BCE solve succeeded:   1 iterations, error= 4.61087E-05
  Step accepted: perr= 4.61087E-05
