HEAT TRANSFER FUNCTION NORMS
  HC error: ||F||_2 = 3.622E-01 (initial)
  HC error: ||F||_2 = 2.853E-07, scaled = 7.877E-01
    1: error= 7.87700E-01
  HC error: ||F||_2 = 1.909E-10, scaled = 5.271E-04
    2: error= 5.27096E-04
  NLK BCE solve succeeded:   2 iterations, error= 5.27096E-04
HEAT TRANSFER FUNCTION NORMS
  HC error: ||F||_2 = 3.729E-01 (initial)
  HC error: ||F||_2 = 2.775E-07, scaled = 7.441E-01
    1: error= 7.44067E-01
  HC error: ||F||_2 = 1.840E-10, scaled = 4.933E-04
    2: error= 4.93335E-04
  NLK BCE solve succeeded:   2 iterations, error= 4.93335E-04
HEAT TRANSFER FUNCTION NORMS
  HC error: ||F||_2 = 1.752E-05 (initial)
  HC error: ||F||_2 = 3.802E-10, scaled = 2.170E+01
    1: error= 2.16972E+01
  HC error: ||F||_2 = 1.655E-13, scaled = 9.446E-03
    2: error= 9.44593E-03
  NLK BCE solve succeeded:   2 iterations, error= 9.44593E-03
HEAT TRANSFER FUNCTION NORMS
  HC error: ||F||_2 = 1.879E-05 (initial)
  HC error: ||F||_2 = 4.537E-10, scaled = 2.415E+01
    1: error= 2.41500E+01
  HC error: ||F||_2 = 1.950E-13, scaled = 1.038E-02
    2: error= 1.03804E-02
  NLK BCE solve succeeded:   2 iterations, error= 1.03804E-02
HEAT TRANSFER FUNCTION NORMS
  HC error: ||F||_2 = 2.024E-05 (initial)
  HC error: ||F||_2 = 5.421E-10, scaled = 2.678E+01
    1: error= 2.67761E+01
  HC error: ||F||_2 = 2.310E-13, scaled = 1.141E-02
    2: error= 1.14090E-02
  NLK BCE solve succeeded:   2 iterations, error= 1.14090E-02
HEAT TRANSFER FUNCTION NORMS
  HC error: ||F||_2 = 2.191E-05 (initial)
  HC error: ||F||_2 = 6.476E-10, scaled = 2.955E+01
    1: error= 2.95544E+01
  HC error: ||F||_2 = 2.746E-13, scaled = 1.253E-02
    2: error= 1.25299E-02
  NLK BCE solve succeeded:   2 iterations, error= 1.25299E-02
HEAT TRANSFER FUNCTION NORMS
  HC error: ||F||_2 = 2.381E-05 (initial)
  HC error: ||F||_2 = 7.736E-10, scaled = 3.249E+01
    1: error= 3.24911E+01
  HC error: ||F||_2 = 3.274E-13, scaled = 1.375E-02
    2: error= 1.37508E-02
  NLK BCE solve succeeded:   2 iterations, error= 1.37508E-02
HEAT TRANSFER FUNCTION NORMS
  HC error: ||F||_2 = 2.596E-05 (initial)
  HC error: ||F||_2 = 9.240E-10, scaled = 3.559E+01
    1: error= 3.55948E+01
  HC error: ||F||_2 = 3.914E-13, scaled = 1.508E-02
    2: error= 1.50798E-02
  NLK BCE solve succeeded:   2 iterations, error= 1.50798E-02
HEAT TRANSFER FUNCTION NORMS
  HC error: ||F||_2 = 2.837E-05 (initial)
  HC error: ||F||_2 = 1.103E-09, scaled = 3.888E+01
    1: error= 3.88810E+01
  HC error: ||F||_2 = 4.690E-13, scaled = 1.653E-02
    2: error= 1.65281E-02
  NLK BCE solve succeeded:   2 iterations, error= 1.65281E-02
HEAT TRANSFER FUNCTION NORMS
  HC error: ||F||_2 = 3.108E-05 (initial)
  HC error: ||F||_2 = 1.317E-09, scaled = 4.237E+01
    1: error= 4.23712E+01
  HC error: ||F||_2 = 5.628E-13, scaled = 1.811E-02
    2: error= 1.81085E-02
  NLK BCE solve succeeded:   2 iterations, error= 1.81085E-02
HEAT TRANSFER FUNCTION NORMS
  HC error: ||F||_2 = 3.410E-05 (initial)
  HC error: ||F||_2 = 1.572E-09, scaled = 4.609E+01
    1: error= 4.60926E+01
  HC error: ||F||_2 = 6.765E-13, scaled = 1.984E-02
    2: error= 1.98369E-02
  NLK BCE solve succeeded:   2 iterations, error= 1.98369E-02
HEAT TRANSFER FUNCTION NORMS
  HC error: ||F||_2 = 3.746E-05 (initial)
  HC error: ||F||_2 = 1.857E-09, scaled = 4.957E+01
    1: error= 4.95677E+01
  HC error: ||F||_2 = 8.050E-13, scaled = 2.149E-02
    2: error= 2.14896E-02
  NLK BCE solve succeeded:   2 iterations, error= 2.14896E-02
HEAT TRANSFER FUNCTION NORMS
  HC error: ||F||_2 = 4.119E-05 (initial)
  HC error: ||F||_2 = 2.216E-09, scaled = 5.380E+01
    1: error= 5.37992E+01
  HC error: ||F||_2 = 9.786E-13, scaled = 2.376E-02
    2: error= 2.37597E-02
  NLK BCE solve succeeded:   2 iterations, error= 2.37597E-02
HEAT TRANSFER FUNCTION NORMS
  HC error: ||F||_2 = 4.531E-05 (initial)
  HC error: ||F||_2 = 2.646E-09, scaled = 5.840E+01
    1: error= 5.83989E+01
  HC error: ||F||_2 = 1.181E-12, scaled = 2.605E-02
    2: error= 2.60542E-02
  NLK BCE solve succeeded:   2 iterations, error= 2.60542E-02
HEAT TRANSFER FUNCTION NORMS
  HC error: ||F||_2 = 4.988E-05 (initial)
  HC error: ||F||_2 = 3.164E-09, scaled = 6.343E+01
    1: error= 6.34292E+01
  HC error: ||F||_2 = 1.426E-12, scaled = 2.859E-02
    2: error= 2.85948E-02
  NLK BCE solve succeeded:   2 iterations, error= 2.85948E-02
HEAT TRANSFER FUNCTION NORMS
  HC error: ||F||_2 = 5.494E-05 (initial)
  HC error: ||F||_2 = 3.791E-09, scaled = 6.901E+01
    1: error= 6.90066E+01
  HC error: ||F||_2 = 1.727E-12, scaled = 3.143E-02
    2: error= 3.14257E-02
  NLK BCE solve succeeded:   2 iterations, error= 3.14257E-02
HEAT TRANSFER FUNCTION NORMS
  HC error: ||F||_2 = 6.058E-05 (initial)
  HC error: ||F||_2 = 4.670E-09, scaled = 7.708E+01
    1: error= 7.70753E+01
  HC error: ||F||_2 = 2.133E-12, scaled = 3.520E-02
    2: error= 3.52021E-02
  NLK BCE solve succeeded:   2 iterations, error= 3.52021E-02
HEAT TRANSFER FUNCTION NORMS
  HC error: ||F||_2 = 6.693E-05 (initial)
  HC error: ||F||_2 = 5.628E-09, scaled = 8.409E+01
    1: error= 8.40878E+01
  HC error: ||F||_2 = 2.576E-12, scaled = 3.849E-02
    2: error= 3.84906E-02
  NLK BCE solve succeeded:   2 iterations, error= 3.84906E-02
HEAT TRANSFER FUNCTION NORMS
  HC error: ||F||_2 = 6.111E-02 (initial)
  HC error: ||F||_2 = 1.082E-08, scaled = 1.771E-01
    1: error= 1.77136E-01
  HC error: ||F||_2 = 4.731E-12, scaled = 7.741E-05
    2: error= 7.74149E-05
  NLK BCE solve succeeded:   2 iterations, error= 7.74149E-05
HEAT TRANSFER FUNCTION NORMS
  HC error: ||F||_2 = 1.909E-04 (initial)
  HC error: ||F||_2 = 2.515E-08, scaled = 1.318E+02
    1: error= 1.31762E+02
  HC error: ||F||_2 = 9.593E-12, scaled = 5.025E-02
    2: error= 5.02502E-02
  NLK BCE solve succeeded:   2 iterations, error= 5.02502E-02
HEAT TRANSFER FUNCTION NORMS
  HC error: ||F||_2 = 1.057E-04 (initial)
  HC error: ||F||_2 = 9.052E-09, scaled = 8.567E+01
    1: error= 8.56653E+01
  HC error: ||F||_2 = 5.668E-12, scaled = 5.364E-02
    2: error= 5.36404E-02
  NLK BCE solve succeeded:   2 iterations, error= 5.36404E-02
HEAT TRANSFER FUNCTION NORMS
  HC error: ||F||_2 = 1.134E-04 (initial)
  HC error: ||F||_2 = 1.099E-08, scaled = 9.696E+01
    1: error= 9.69576E+01
  HC error: ||F||_2 = 7.072E-12, scaled = 6.238E-02
    2: error= 6.23751E-02
  NLK BCE solve succeeded:   2 iterations, error= 6.23751E-02
HEAT TRANSFER FUNCTION NORMS
  HC error: ||F||_2 = 1.225E-04 (initial)
  HC error: ||F||_2 = 1.365E-08, scaled = 1.114E+02
    1: error= 1.11428E+02
  HC error: ||F||_2 = 8.967E-12, scaled = 7.318E-02
    2: error= 7.31849E-02
  NLK BCE solve succeeded:   2 iterations, error= 7.31849E-02
HEAT TRANSFER FUNCTION NORMS
  HC error: ||F||_2 = 5.429E-02 (initial)
  HC error: ||F||_2 = 4.487E-08, scaled = 8.265E-01
    1: error= 8.26489E-01
  HC error: ||F||_2 = 1.590E-11, scaled = 2.929E-04
    2: error= 2.92867E-04
  NLK BCE solve succeeded:   2 iterations, error= 2.92867E-04
HEAT TRANSFER FUNCTION NORMS
  HC error: ||F||_2 = 5.012E-04 (initial)
  HC error: ||F||_2 = 2.174E-08, scaled = 4.337E+01
    1: error= 4.33659E+01
  HC error: ||F||_2 = 1.374E-11, scaled = 2.742E-02
    2: error= 2.74151E-02
  NLK BCE solve succeeded:   2 iterations, error= 2.74151E-02
HEAT TRANSFER FUNCTION NORMS
  HC error: ||F||_2 = 4.889E-02 (initial)
  HC error: ||F||_2 = 2.194E-08, scaled = 4.487E-01
    1: error= 4.48657E-01
  HC error: ||F||_2 = 1.495E-11, scaled = 3.057E-04
    2: error= 3.05720E-04
  NLK BCE solve succeeded:   2 iterations, error= 3.05720E-04
HEAT TRANSFER FUNCTION NORMS
  HC error: ||F||_2 = 3.197E-04 (initial)
  HC error: ||F||_2 = 8.055E-08, scaled = 2.519E+02
    1: error= 2.51919E+02
  HC error: ||F||_2 = 4.737E-11, scaled = 1.482E-01
    2: error= 1.48158E-01
  NLK BCE solve succeeded:   2 iterations, error= 1.48158E-01
HEAT TRANSFER FUNCTION NORMS
  HC error: ||F||_2 = 1.774E-04 (initial)
  HC error: ||F||_2 = 1.793E-08, scaled = 1.011E+02
    1: error= 1.01070E+02
  HC error: ||F||_2 = 1.687E-11, scaled = 9.509E-02
    2: error= 9.50940E-02
  NLK BCE solve succeeded:   2 iterations, error= 9.50940E-02
HEAT TRANSFER FUNCTION NORMS
  HC error: ||F||_2 = 4.310E-02 (initial)
  HC error: ||F||_2 = 2.578E-08, scaled = 5.983E-01
    1: error= 5.98278E-01
  HC error: ||F||_2 = 1.350E-11, scaled = 3.132E-04
    2: error= 3.13162E-04
  NLK BCE solve succeeded:   2 iterations, error= 3.13162E-04
HEAT TRANSFER FUNCTION NORMS
  HC error: ||F||_2 = 3.208E-04 (initial)
  HC error: ||F||_2 = 2.993E-08, scaled = 9.329E+01
    1: error= 9.32918E+01
  HC error: ||F||_2 = 1.147E-11, scaled = 3.574E-02
    2: error= 3.57384E-02
  NLK BCE solve succeeded:   2 iterations, error= 3.57384E-02
HEAT TRANSFER FUNCTION NORMS
  HC error: ||F||_2 = 1.607E-04 (initial)
  HC error: ||F||_2 = 1.422E-08, scaled = 8.849E+01
    1: error= 8.84936E+01
  HC error: ||F||_2 = 1.210E-11, scaled = 7.532E-02
    2: error= 7.53218E-02
  NLK BCE solve succeeded:   2 iterations, error= 7.53218E-02
HEAT TRANSFER FUNCTION NORMS
  HC error: ||F||_2 = 3.765E-02 (initial)
  HC error: ||F||_2 = 5.649E-08, scaled = 1.500E+00
    1: error= 1.50039E+00
  HC error: ||F||_2 = 3.477E-11, scaled = 9.235E-04
    2: error= 9.23471E-04
  NLK BCE solve succeeded:   2 iterations, error= 9.23471E-04
HEAT TRANSFER FUNCTION NORMS
  HC error: ||F||_2 = 4.214E-04 (initial)
  HC error: ||F||_2 = 1.211E-08, scaled = 2.875E+01
    1: error= 2.87457E+01
  HC error: ||F||_2 = 9.795E-12, scaled = 2.325E-02
    2: error= 2.32453E-02
  NLK BCE solve succeeded:   2 iterations, error= 2.32453E-02
HEAT TRANSFER FUNCTION NORMS
  HC error: ||F||_2 = 3.273E-02 (initial)
  HC error: ||F||_2 = 1.557E-08, scaled = 4.758E-01
    1: error= 4.75766E-01
  HC error: ||F||_2 = 7.963E-12, scaled = 2.433E-04
    2: error= 2.43263E-04
  NLK BCE solve succeeded:   2 iterations, error= 2.43263E-04
HEAT TRANSFER FUNCTION NORMS
  HC error: ||F||_2 = 2.676E-04 (initial)
  HC error: ||F||_2 = 2.506E-08, scaled = 9.365E+01
    1: error= 9.36519E+01
  HC error: ||F||_2 = 7.841E-12, scaled = 2.930E-02
    2: error= 2.93002E-02
  NLK BCE solve succeeded:   2 iterations, error= 2.93002E-02
HEAT TRANSFER FUNCTION NORMS
  HC error: ||F||_2 = 1.458E-04 (initial)
  HC error: ||F||_2 = 9.175E-09, scaled = 6.294E+01
    1: error= 6.29366E+01
  HC error: ||F||_2 = 7.765E-12, scaled = 5.327E-02
    2: error= 5.32650E-02
  NLK BCE solve succeeded:   2 iterations, error= 5.32650E-02
HEAT TRANSFER FUNCTION NORMS
  HC error: ||F||_2 = 2.770E-02 (initial)
  HC error: ||F||_2 = 3.910E-08, scaled = 1.411E+00
    1: error= 1.41146E+00
  HC error: ||F||_2 = 2.269E-11, scaled = 8.190E-04
    2: error= 8.18962E-04
  NLK BCE solve succeeded:   2 iterations, error= 8.18962E-04
HEAT TRANSFER FUNCTION NORMS
  HC error: ||F||_2 = 3.200E-04 (initial)
  HC error: ||F||_2 = 1.035E-08, scaled = 3.233E+01
    1: error= 3.23301E+01
  HC error: ||F||_2 = 7.312E-12, scaled = 2.285E-02
    2: error= 2.28462E-02
  NLK BCE solve succeeded:   2 iterations, error= 2.28462E-02
HEAT TRANSFER FUNCTION NORMS
  HC error: ||F||_2 = 2.304E-02 (initial)
  HC error: ||F||_2 = 1.006E-08, scaled = 4.368E-01
    1: error= 4.36804E-01
  HC error: ||F||_2 = 5.314E-12, scaled = 2.306E-04
    2: error= 2.30603E-04
  NLK BCE solve succeeded:   2 iterations, error= 2.30603E-04
HEAT TRANSFER FUNCTION NORMS
  HC error: ||F||_2 = 2.339E-04 (initial)
  HC error: ||F||_2 = 2.023E-08, scaled = 8.648E+01
    1: error= 8.64780E+01
  HC error: ||F||_2 = 5.996E-12, scaled = 2.563E-02
    2: error= 2.56312E-02
  NLK BCE solve succeeded:   2 iterations, error= 2.56312E-02
HEAT TRANSFER FUNCTION NORMS
  HC error: ||F||_2 = 1.337E-04 (initial)
  HC error: ||F||_2 = 6.521E-09, scaled = 4.876E+01
    1: error= 4.87569E+01
  HC error: ||F||_2 = 5.297E-12, scaled = 3.961E-02
    2: error= 3.96100E-02
  NLK BCE solve succeeded:   2 iterations, error= 3.96100E-02
HEAT TRANSFER FUNCTION NORMS
  HC error: ||F||_2 = 1.838E-02 (initial)
  HC error: ||F||_2 = 2.793E-08, scaled = 1.520E+00
    1: error= 1.51976E+00
  HC error: ||F||_2 = 1.563E-11, scaled = 8.505E-04
    2: error= 8.50520E-04
  NLK BCE solve succeeded:   2 iterations, error= 8.50520E-04
HEAT TRANSFER FUNCTION NORMS
  HC error: ||F||_2 = 2.426E-04 (initial)
  HC error: ||F||_2 = 9.009E-09, scaled = 3.714E+01
    1: error= 3.71414E+01
  HC error: ||F||_2 = 5.756E-12, scaled = 2.373E-02
    2: error= 2.37304E-02
  NLK BCE solve succeeded:   2 iterations, error= 2.37304E-02
HEAT TRANSFER FUNCTION NORMS
  HC error: ||F||_2 = 1.408E-02 (initial)
  HC error: ||F||_2 = 7.231E-09, scaled = 5.134E-01
    1: error= 5.13437E-01
  HC error: ||F||_2 = 3.779E-12, scaled = 2.684E-04
    2: error= 2.68358E-04
  NLK BCE solve succeeded:   2 iterations, error= 2.68358E-04
HEAT TRANSFER FUNCTION NORMS
  HC error: ||F||_2 = 2.008E-04 (initial)
  HC error: ||F||_2 = 1.601E-08, scaled = 7.971E+01
    1: error= 7.97090E+01
  HC error: ||F||_2 = 4.544E-12, scaled = 2.263E-02
    2: error= 2.26301E-02
  NLK BCE solve succeeded:   2 iterations, error= 2.26301E-02
HEAT TRANSFER FUNCTION NORMS
  HC error: ||F||_2 = 1.099E-04 (initial)
  HC error: ||F||_2 = 3.593E-09, scaled = 3.268E+01
    1: error= 3.26828E+01
  HC error: ||F||_2 = 2.670E-12, scaled = 2.428E-02
    2: error= 2.42847E-02
  NLK BCE solve succeeded:   2 iterations, error= 2.42847E-02
HEAT TRANSFER FUNCTION NORMS
  HC error: ||F||_2 = 1.011E-02 (initial)
  HC error: ||F||_2 = 8.093E-09, scaled = 8.002E-01
    1: error= 8.00244E-01
  HC error: ||F||_2 = 4.002E-12, scaled = 3.957E-04
    2: error= 3.95686E-04
  NLK BCE solve succeeded:   2 iterations, error= 3.95686E-04
HEAT TRANSFER FUNCTION NORMS
  HC error: ||F||_2 = 1.527E-04 (initial)
  HC error: ||F||_2 = 1.004E-08, scaled = 6.578E+01
    1: error= 6.57810E+01
  HC error: ||F||_2 = 5.030E-12, scaled = 3.295E-02
    2: error= 3.29483E-02
  NLK BCE solve succeeded:   2 iterations, error= 3.29483E-02
HEAT TRANSFER FUNCTION NORMS
  HC error: ||F||_2 = 8.793E-05 (initial)
  HC error: ||F||_2 = 1.921E-09, scaled = 2.185E+01
    1: error= 2.18467E+01
  HC error: ||F||_2 = 1.350E-12, scaled = 1.536E-02
    2: error= 1.53572E-02
  NLK BCE solve succeeded:   2 iterations, error= 1.53572E-02
