HEAT TRANSFER FUNCTION NORMS
  HC error: ||F||_2 = 3.911E-02 (initial)
  HC error: ||F||_2 = 2.298E-07, scaled = 5.875E+00
    1: error= 5.87489E+00
  HC error: ||F||_2 = 8.580E-11, scaled = 2.194E-03
    2: error= 2.19356E-03
  NLK BCE solve succeeded:   2 iterations, error= 2.19356E-03
HEAT TRANSFER FUNCTION NORMS
  HC error: ||F||_2 = 4.853E-02 (initial)
  HC error: ||F||_2 = 1.936E-07, scaled = 3.989E+00
    1: error= 3.98886E+00
  HC error: ||F||_2 = 8.464E-11, scaled = 1.744E-03
    2: error= 1.74412E-03
  NLK BCE solve succeeded:   2 iterations, error= 1.74412E-03
HEAT TRANSFER FUNCTION NORMS
  HC error: ||F||_2 = 1.781E-05 (initial)
  HC error: ||F||_2 = 2.144E-10, scaled = 1.204E+01
    1: error= 1.20386E+01
  HC error: ||F||_2 = 6.458E-14, scaled = 3.627E-03
    2: error= 3.62666E-03
  NLK BCE solve succeeded:   2 iterations, error= 3.62666E-03
HEAT TRANSFER FUNCTION NORMS
  HC error: ||F||_2 = 1.910E-05 (initial)
  HC error: ||F||_2 = 2.609E-10, scaled = 1.366E+01
    1: error= 1.36601E+01
  HC error: ||F||_2 = 7.975E-14, scaled = 4.176E-03
    2: error= 4.17584E-03
  NLK BCE solve succeeded:   2 iterations, error= 4.17584E-03
HEAT TRANSFER FUNCTION NORMS
  HC error: ||F||_2 = 2.059E-05 (initial)
  HC error: ||F||_2 = 3.195E-10, scaled = 1.552E+01
    1: error= 1.55214E+01
  HC error: ||F||_2 = 1.007E-13, scaled = 4.893E-03
    2: error= 4.89345E-03
  NLK BCE solve succeeded:   2 iterations, error= 4.89345E-03
HEAT TRANSFER FUNCTION NORMS
  HC error: ||F||_2 = 2.229E-05 (initial)
  HC error: ||F||_2 = 3.935E-10, scaled = 1.766E+01
    1: error= 1.76563E+01
  HC error: ||F||_2 = 1.299E-13, scaled = 5.829E-03
    2: error= 5.82863E-03
  NLK BCE solve succeeded:   2 iterations, error= 5.82863E-03
HEAT TRANSFER FUNCTION NORMS
  HC error: ||F||_2 = 2.422E-05 (initial)
  HC error: ||F||_2 = 4.869E-10, scaled = 2.010E+01
    1: error= 2.00998E+01
  HC error: ||F||_2 = 1.704E-13, scaled = 7.033E-03
    2: error= 7.03310E-03
  NLK BCE solve succeeded:   2 iterations, error= 7.03310E-03
HEAT TRANSFER FUNCTION NORMS
  HC error: ||F||_2 = 2.641E-05 (initial)
  HC error: ||F||_2 = 6.047E-10, scaled = 2.289E+01
    1: error= 2.28934E+01
  HC error: ||F||_2 = 2.263E-13, scaled = 8.566E-03
    2: error= 8.56553E-03
  NLK BCE solve succeeded:   2 iterations, error= 8.56553E-03
HEAT TRANSFER FUNCTION NORMS
  HC error: ||F||_2 = 2.888E-05 (initial)
  HC error: ||F||_2 = 7.533E-10, scaled = 2.609E+01
    1: error= 2.60861E+01
  HC error: ||F||_2 = 3.033E-13, scaled = 1.050E-02
    2: error= 1.05027E-02
  NLK BCE solve succeeded:   2 iterations, error= 1.05027E-02
HEAT TRANSFER FUNCTION NORMS
  HC error: ||F||_2 = 3.164E-05 (initial)
  HC error: ||F||_2 = 9.399E-10, scaled = 2.971E+01
    1: error= 2.97090E+01
  HC error: ||F||_2 = 4.080E-13, scaled = 1.290E-02
    2: error= 1.28962E-02
  NLK BCE solve succeeded:   2 iterations, error= 1.28962E-02
HEAT TRANSFER FUNCTION NORMS
  HC error: ||F||_2 = 3.471E-05 (initial)
  HC error: ||F||_2 = 1.176E-09, scaled = 3.388E+01
    1: error= 3.38839E+01
  HC error: ||F||_2 = 5.577E-13, scaled = 1.607E-02
    2: error= 1.60674E-02
  NLK BCE solve succeeded:   2 iterations, error= 1.60674E-02
HEAT TRANSFER FUNCTION NORMS
  HC error: ||F||_2 = 3.813E-05 (initial)
  HC error: ||F||_2 = 1.394E-09, scaled = 3.657E+01
    1: error= 3.65746E+01
  HC error: ||F||_2 = 6.771E-13, scaled = 1.776E-02
    2: error= 1.77590E-02
  NLK BCE solve succeeded:   2 iterations, error= 1.77590E-02
HEAT TRANSFER FUNCTION NORMS
  HC error: ||F||_2 = 4.191E-05 (initial)
  HC error: ||F||_2 = 3.912E-09, scaled = 9.334E+01
    1: error= 9.33383E+01
  HC error: ||F||_2 = 6.393E-13, scaled = 1.525E-02
    2: error= 1.52542E-02
  NLK BCE solve succeeded:   2 iterations, error= 1.52542E-02
HEAT TRANSFER FUNCTION NORMS
  HC error: ||F||_2 = 4.610E-05 (initial)
  HC error: ||F||_2 = 4.180E-09, scaled = 9.068E+01
    1: error= 9.06834E+01
  HC error: ||F||_2 = 6.018E-13, scaled = 1.306E-02
    2: error= 1.30552E-02
  NLK BCE solve succeeded:   2 iterations, error= 1.30552E-02
HEAT TRANSFER FUNCTION NORMS
  HC error: ||F||_2 = 5.073E-05 (initial)
  HC error: ||F||_2 = 4.285E-09, scaled = 8.448E+01
    1: error= 8.44771E+01
  HC error: ||F||_2 = 6.195E-13, scaled = 1.221E-02
    2: error= 1.22130E-02
  NLK BCE solve succeeded:   2 iterations, error= 1.22130E-02
HEAT TRANSFER FUNCTION NORMS
  HC error: ||F||_2 = 5.585E-05 (initial)
  HC error: ||F||_2 = 4.441E-09, scaled = 7.951E+01
    1: error= 7.95120E+01
  HC error: ||F||_2 = 1.170E-12, scaled = 2.095E-02
    2: error= 2.09513E-02
  NLK BCE solve succeeded:   2 iterations, error= 2.09513E-02
HEAT TRANSFER FUNCTION NORMS
  HC error: ||F||_2 = 3.721E-04 (initial)
  HC error: ||F||_2 = 4.497E-09, scaled = 1.209E+01
    1: error= 1.20869E+01
  HC error: ||F||_2 = 3.190E-12, scaled = 8.573E-03
    2: error= 8.57300E-03
  NLK BCE solve succeeded:   2 iterations, error= 8.57300E-03
HEAT TRANSFER FUNCTION NORMS
  HC error: ||F||_2 = 6.857E-05 (initial)
  HC error: ||F||_2 = 4.740E-09, scaled = 6.913E+01
    1: error= 6.91278E+01
  HC error: ||F||_2 = 4.058E-12, scaled = 5.918E-02
    2: error= 5.91801E-02
  NLK BCE solve succeeded:   2 iterations, error= 5.91801E-02
HEAT TRANSFER FUNCTION NORMS
  HC error: ||F||_2 = 3.562E-04 (initial)
  HC error: ||F||_2 = 1.203E-08, scaled = 3.376E+01
    1: error= 3.37606E+01
  HC error: ||F||_2 = 1.051E-11, scaled = 2.950E-02
    2: error= 2.94962E-02
  NLK BCE solve succeeded:   2 iterations, error= 2.94962E-02
HEAT TRANSFER FUNCTION NORMS
  HC error: ||F||_2 = 1.013E-04 (initial)
  HC error: ||F||_2 = 2.371E-08, scaled = 2.341E+02
    1: error= 2.34066E+02
  HC error: ||F||_2 = 2.114E-11, scaled = 2.087E-01
    2: error= 2.08689E-01
  NLK BCE solve succeeded:   2 iterations, error= 2.08689E-01
HEAT TRANSFER FUNCTION NORMS
  HC error: ||F||_2 = 9.675E-05 (initial)
  HC error: ||F||_2 = 2.079E-08, scaled = 2.149E+02
    1: error= 2.14925E+02
  HC error: ||F||_2 = 1.554E-11, scaled = 1.606E-01
    2: error= 1.60634E-01
  NLK BCE solve succeeded:   2 iterations, error= 1.60634E-01
HEAT TRANSFER FUNCTION NORMS
  HC error: ||F||_2 = 3.865E-04 (initial)
  HC error: ||F||_2 = 1.411E-08, scaled = 3.651E+01
    1: error= 3.65091E+01
  HC error: ||F||_2 = 1.394E-11, scaled = 3.607E-02
    2: error= 3.60741E-02
  NLK BCE solve succeeded:   2 iterations, error= 3.60741E-02
HEAT TRANSFER FUNCTION NORMS
  HC error: ||F||_2 = 1.291E-04 (initial)
  HC error: ||F||_2 = 1.757E-08, scaled = 1.361E+02
    1: error= 1.36135E+02
  HC error: ||F||_2 = 2.256E-11, scaled = 1.748E-01
    2: error= 1.74824E-01
  NLK BCE solve succeeded:   2 iterations, error= 1.74824E-01
HEAT TRANSFER FUNCTION NORMS
  HC error: ||F||_2 = 3.847E-04 (initial)
  HC error: ||F||_2 = 7.574E-08, scaled = 1.969E+02
    1: error= 1.96875E+02
  HC error: ||F||_2 = 8.361E-11, scaled = 2.174E-01
    2: error= 2.17358E-01
  NLK BCE solve succeeded:   2 iterations, error= 2.17358E-01
HEAT TRANSFER FUNCTION NORMS
  HC error: ||F||_2 = 1.408E-03 (initial)
  HC error: ||F||_2 = 6.005E-08, scaled = 4.263E+01
    1: error= 4.26349E+01
  HC error: ||F||_2 = 6.654E-11, scaled = 4.725E-02
    2: error= 4.72456E-02
  NLK BCE solve succeeded:   2 iterations, error= 4.72456E-02
HEAT TRANSFER FUNCTION NORMS
  HC error: ||F||_2 = 4.123E-04 (initial)
  HC error: ||F||_2 = 3.523E-08, scaled = 8.544E+01
    1: error= 8.54424E+01
  HC error: ||F||_2 = 6.139E-11, scaled = 1.489E-01
    2: error= 1.48907E-01
  NLK BCE solve succeeded:   2 iterations, error= 1.48907E-01
HEAT TRANSFER FUNCTION NORMS
  HC error: ||F||_2 = 4.227E-04 (initial)
  HC error: ||F||_2 = 1.718E-07, scaled = 4.064E+02
    1: error= 4.06364E+02
  HC error: ||F||_2 = 2.299E-10, scaled = 5.440E-01
    2: error= 5.43959E-01
  NLK BCE solve succeeded:   2 iterations, error= 5.43959E-01
HEAT TRANSFER FUNCTION NORMS
  HC error: ||F||_2 = 4.252E-04 (initial)
  HC error: ||F||_2 = 4.699E-08, scaled = 1.105E+02
    1: error= 1.10519E+02
  HC error: ||F||_2 = 7.800E-11, scaled = 1.834E-01
    2: error= 1.83450E-01
  NLK BCE solve succeeded:   2 iterations, error= 1.83450E-01
HEAT TRANSFER FUNCTION NORMS
  HC error: ||F||_2 = 3.824E-04 (initial)
  HC error: ||F||_2 = 4.690E-08, scaled = 1.226E+02
    1: error= 1.22643E+02
  HC error: ||F||_2 = 6.348E-11, scaled = 1.660E-01
    2: error= 1.66018E-01
  NLK BCE solve succeeded:   2 iterations, error= 1.66018E-01
HEAT TRANSFER FUNCTION NORMS
  HC error: ||F||_2 = 2.114E-04 (initial)
  HC error: ||F||_2 = 8.242E-08, scaled = 3.898E+02
    1: error= 3.89783E+02
  HC error: ||F||_2 = 7.063E-11, scaled = 3.341E-01
    2: error= 3.34055E-01
  NLK BCE solve succeeded:   2 iterations, error= 3.34055E-01
HEAT TRANSFER FUNCTION NORMS
  HC error: ||F||_2 = 4.187E-04 (initial)
  HC error: ||F||_2 = 2.049E-08, scaled = 4.895E+01
    1: error= 4.89499E+01
  HC error: ||F||_2 = 2.237E-11, scaled = 5.344E-02
    2: error= 5.34354E-02
  NLK BCE solve succeeded:   2 iterations, error= 5.34354E-02
HEAT TRANSFER FUNCTION NORMS
  HC error: ||F||_2 = 3.959E-04 (initial)
  HC error: ||F||_2 = 7.208E-08, scaled = 1.821E+02
    1: error= 1.82062E+02
  HC error: ||F||_2 = 5.980E-11, scaled = 1.510E-01
    2: error= 1.51032E-01
  NLK BCE solve succeeded:   2 iterations, error= 1.51032E-01
HEAT TRANSFER FUNCTION NORMS
  HC error: ||F||_2 = 4.359E-04 (initial)
  HC error: ||F||_2 = 3.090E-08, scaled = 7.088E+01
    1: error= 7.08757E+01
  HC error: ||F||_2 = 2.615E-11, scaled = 5.997E-02
    2: error= 5.99747E-02
  NLK BCE solve succeeded:   2 iterations, error= 5.99747E-02
HEAT TRANSFER FUNCTION NORMS
  HC error: ||F||_2 = 3.644E-04 (initial)
  HC error: ||F||_2 = 2.444E-08, scaled = 6.706E+01
    1: error= 6.70622E+01
  HC error: ||F||_2 = 1.895E-11, scaled = 5.199E-02
    2: error= 5.19936E-02
  NLK BCE solve succeeded:   2 iterations, error= 5.19936E-02
HEAT TRANSFER FUNCTION NORMS
  HC error: ||F||_2 = 2.010E-04 (initial)
  HC error: ||F||_2 = 7.483E-08, scaled = 3.723E+02
    1: error= 3.72324E+02
  HC error: ||F||_2 = 3.108E-11, scaled = 1.547E-01
    2: error= 1.54666E-01
  NLK BCE solve succeeded:   2 iterations, error= 1.54666E-01
HEAT TRANSFER FUNCTION NORMS
  HC error: ||F||_2 = 4.321E-04 (initial)
  HC error: ||F||_2 = 1.541E-08, scaled = 3.567E+01
    1: error= 3.56702E+01
  HC error: ||F||_2 = 1.170E-11, scaled = 2.709E-02
    2: error= 2.70879E-02
  NLK BCE solve succeeded:   2 iterations, error= 2.70879E-02
HEAT TRANSFER FUNCTION NORMS
  HC error: ||F||_2 = 3.788E-04 (initial)
  HC error: ||F||_2 = 4.983E-08, scaled = 1.315E+02
    1: error= 1.31531E+02
  HC error: ||F||_2 = 2.492E-11, scaled = 6.578E-02
    2: error= 6.57759E-02
  NLK BCE solve succeeded:   2 iterations, error= 6.57759E-02
HEAT TRANSFER FUNCTION NORMS
  HC error: ||F||_2 = 1.667E-04 (initial)
  HC error: ||F||_2 = 3.071E-08, scaled = 1.843E+02
    1: error= 1.84259E+02
  HC error: ||F||_2 = 1.392E-11, scaled = 8.355E-02
    2: error= 8.35536E-02
  NLK BCE solve succeeded:   2 iterations, error= 8.35536E-02
HEAT TRANSFER FUNCTION NORMS
  HC error: ||F||_2 = 5.468E-04 (initial)
  HC error: ||F||_2 = 1.542E-07, scaled = 2.821E+02
    1: error= 2.82056E+02
  HC error: ||F||_2 = 9.767E-11, scaled = 1.786E-01
    2: error= 1.78606E-01
  NLK BCE solve succeeded:   2 iterations, error= 1.78606E-01
HEAT TRANSFER FUNCTION NORMS
  HC error: ||F||_2 = 2.058E-04 (initial)
  HC error: ||F||_2 = 8.048E-08, scaled = 3.911E+02
    1: error= 3.91051E+02
  HC error: ||F||_2 = 3.459E-11, scaled = 1.681E-01
    2: error= 1.68065E-01
  NLK BCE solve succeeded:   2 iterations, error= 1.68065E-01
HEAT TRANSFER FUNCTION NORMS
  HC error: ||F||_2 = 4.512E-04 (initial)
  HC error: ||F||_2 = 1.407E-08, scaled = 3.118E+01
    1: error= 3.11821E+01
  HC error: ||F||_2 = 9.792E-12, scaled = 2.170E-02
    2: error= 2.16999E-02
  NLK BCE solve succeeded:   2 iterations, error= 2.16999E-02
HEAT TRANSFER FUNCTION NORMS
  HC error: ||F||_2 = 3.630E-04 (initial)
  HC error: ||F||_2 = 3.735E-08, scaled = 1.029E+02
    1: error= 1.02892E+02
  HC error: ||F||_2 = 1.491E-11, scaled = 4.108E-02
    2: error= 4.10815E-02
  NLK BCE solve succeeded:   2 iterations, error= 4.10815E-02
HEAT TRANSFER FUNCTION NORMS
  HC error: ||F||_2 = 1.607E-04 (initial)
  HC error: ||F||_2 = 4.107E-08, scaled = 2.556E+02
    1: error= 2.55606E+02
  HC error: ||F||_2 = 1.660E-11, scaled = 1.033E-01
    2: error= 1.03297E-01
  NLK BCE solve succeeded:   2 iterations, error= 1.03297E-01
HEAT TRANSFER FUNCTION NORMS
  HC error: ||F||_2 = 5.602E-04 (initial)
  HC error: ||F||_2 = 1.532E-07, scaled = 2.735E+02
    1: error= 2.73509E+02
  HC error: ||F||_2 = 7.612E-11, scaled = 1.359E-01
    2: error= 1.35889E-01
  NLK BCE solve succeeded:   2 iterations, error= 1.35889E-01
HEAT TRANSFER FUNCTION NORMS
  HC error: ||F||_2 = 1.979E-04 (initial)
  HC error: ||F||_2 = 8.501E-08, scaled = 4.296E+02
    1: error= 4.29616E+02
  HC error: ||F||_2 = 4.082E-11, scaled = 2.063E-01
    2: error= 2.06283E-01
  NLK BCE solve succeeded:   2 iterations, error= 2.06283E-01
HEAT TRANSFER FUNCTION NORMS
  HC error: ||F||_2 = 4.750E-04 (initial)
  HC error: ||F||_2 = 1.458E-08, scaled = 3.069E+01
    1: error= 3.06908E+01
  HC error: ||F||_2 = 7.700E-12, scaled = 1.621E-02
    2: error= 1.62094E-02
  NLK BCE solve succeeded:   2 iterations, error= 1.62094E-02
HEAT TRANSFER FUNCTION NORMS
  HC error: ||F||_2 = 3.513E-04 (initial)
  HC error: ||F||_2 = 3.078E-08, scaled = 8.762E+01
    1: error= 8.76232E+01
  HC error: ||F||_2 = 1.122E-11, scaled = 3.194E-02
    2: error= 3.19388E-02
  NLK BCE solve succeeded:   2 iterations, error= 3.19388E-02
HEAT TRANSFER FUNCTION NORMS
  HC error: ||F||_2 = 1.572E-04 (initial)
  HC error: ||F||_2 = 4.375E-08, scaled = 2.782E+02
    1: error= 2.78245E+02
  HC error: ||F||_2 = 1.550E-11, scaled = 9.861E-02
    2: error= 9.86074E-02
  NLK BCE solve succeeded:   2 iterations, error= 9.86074E-02
HEAT TRANSFER FUNCTION NORMS
  HC error: ||F||_2 = 4.876E-04 (initial)
  HC error: ||F||_2 = 3.373E-08, scaled = 6.917E+01
    1: error= 6.91728E+01
  HC error: ||F||_2 = 3.365E-11, scaled = 6.900E-02
    2: error= 6.89993E-02
  NLK BCE solve succeeded:   2 iterations, error= 6.89993E-02
