
TRAP step      1: T= 0.00000E+00, H= 1.00000E-01, ETAH= 5.00000E-02
  Preconditioner updated at T= 1.00000E-01, ETAH= 5.00000E-02
    1: error= 1.06390E+00
    2: error= 3.35971E-02
  AIN BCE solve succeeded:   2 iterations, error= 3.35971E-02
  Step accepted: no local error control

BDF2 step      2: T= 1.00000E-01, H= 1.00000E-01, ETAH= 6.66667E-02
    1: error= 4.87463E-01
    2: error= 1.27901E-01
    3: error= 2.36419E-03
  AIN BCE solve succeeded:   3 iterations, error= 2.36419E-03
  Step accepted: no local error control

BDF2 step      3: T= 2.00000E-01, H= 1.00000E-01, ETAH= 6.66667E-02
    1: error= 4.46382E-01
    2: error= 1.18673E-01
    3: error= 1.98453E-03
  AIN BCE solve succeeded:   3 iterations, error= 1.98453E-03
  Step accepted: no local error control

BDF2 step      4: T= 3.00000E-01, H= 1.00000E-01, ETAH= 6.66667E-02
    1: error= 3.02858E-01
    2: error= 8.16585E-02
    3: error= 1.27332E-03
  AIN BCE solve succeeded:   3 iterations, error= 1.27332E-03
  Step accepted: perr= 3.77117E-01

BDF2 step      5: T= 4.00000E-01, H= 1.00000E-01, ETAH= 6.66667E-02
    1: error= 1.83364E-01
    2: error= 5.03691E-02
    3: error= 7.59995E-04
  AIN BCE solve succeeded:   3 iterations, error= 7.59995E-04
  Step accepted: perr= 2.29333E-01
