
TRAP step      1: T= 0.000000000000000E+00, H= 1.000000000000000E+00
  Preconditioner updated at T= 1.000000000000000E+00
    1: error= 7.011264233635844E-02
    2: error= 1.169451800380106E-04
  NLK BCE solve succeeded:   2 iterations, error= 1.169451800380106E-04
  Step accepted: no local error control

BDF2 step      2: T= 1.000000000000000E+00, H= 1.000000000000000E+00
    1: error= 4.082997620189117E-01
    2: error= 1.618740190593837E-02
    3: error= 7.013410497364670E-04
  NLK BCE solve succeeded:   3 iterations, error= 7.013410497364670E-04
  Step accepted: no local error control

BDF2 step      3: T= 2.000000000000000E+00, H= 1.000000000000000E+00
    1: error= 6.500747293115831E-02
    2: error= 1.726025489309005E-02
    3: error= 3.569394639702552E-04
  NLK BCE solve succeeded:   3 iterations, error= 3.569394639702552E-04
  Step accepted: no local error control

BDF2 step      4: T= 3.000000000000000E+00, H= 1.000000000000000E+00
    1: error= 5.173641866599234E-02
    2: error= 1.333026312639361E-02
    3: error= 8.906965476071591E-05
  NLK BCE solve succeeded:   3 iterations, error= 8.906965476071591E-05
  Step accepted: perr= 6.501222196918860E-02

BDF2 step      5: T= 4.000000000000000E+00, H= 2.679726920490927E+00
    1: error= 1.358773099437953E-01
    2: error= 1.564395009951054E-01
    3: error= 4.204697229580086E-03
  NLK BCE solve succeeded:   3 iterations, error= 4.204697229580086E-03
  Step accepted: perr= 2.919743963230692E-01

BDF2 step      6: T= 6.679726920490927E+00, H= 2.483373551461650E+00
    1: error= 1.095737930129988E-01
    2: error= 3.964844951080650E-02
    3: error= 7.956452707502610E-03
  NLK BCE solve succeeded:   3 iterations, error= 7.956452707502610E-03
  Step accepted: perr= 1.095737930129988E-01

BDF2 step      7: T= 9.163100471952577E+00, H= 4.878173671252069E+00
  Preconditioner updated at T= 1.404127414320465E+01
    1: error= 4.989635627432683E-01
    2: error= 2.300557865799771E-03
  NLK BCE solve succeeded:   2 iterations, error= 2.300557865799771E-03
  Step accepted: perr= 4.989635627432683E-01

BDF2 step      8: T= 1.404127414320465E+01, H= 3.760691239624212E+00
    1: error= 4.989584101176799E-01
    2: error= 2.091822229603456E-02
    3: error= 1.702235754609770E-04
  NLK BCE solve succeeded:   3 iterations, error= 1.702235754609770E-04
  Step accepted: perr= 4.989584101176799E-01

BDF2 step      9: T= 1.780196538282886E+01, H= 3.827640754400321E+00
    1: error= 5.186906958485806E-01
    2: error= 3.306574082503462E-02
    3: error= 2.706635226633841E-04
  NLK BCE solve succeeded:   3 iterations, error= 2.706635226633841E-04
  Step accepted: perr= 4.987492025735004E-01

BDF2 step     10: T= 2.162960613722918E+01, H= 4.000983633695409E+00
    1: error= 5.474473582271673E-01
    2: error= 2.447520736016609E-02
    3: error= 1.440370297884759E-04
  NLK BCE solve succeeded:   3 iterations, error= 1.440370297884759E-04
  Step accepted: perr= 5.230926666765099E-01

BDF2 step     11: T= 2.563058977092459E+01, H= 3.813718240207713E+00
    1: error= 5.048514773000251E-01
    2: error= 3.026101239634455E-02
    3: error= 2.253892468488153E-04
  NLK BCE solve succeeded:   3 iterations, error= 2.253892468488153E-04
  Step accepted: perr= 4.750177526891201E-01

BDF2 step     12: T= 2.944430801113230E+01, H= 3.779109031291874E+00
    1: error= 4.902877925347770E-01
    2: error= 3.295885243727973E-02
    3: error= 2.692164236124845E-04
  NLK BCE solve succeeded:   3 iterations, error= 2.692164236124845E-04
  Step accepted: perr= 4.575697819139136E-01

BDF2 step     13: T= 3.322341704242417E+01, H= 3.744813898368633E+00
    1: error= 4.708759136606190E-01
    2: error= 3.365132880592680E-02
    3: error= 2.885742118245852E-04
  NLK BCE solve succeeded:   3 iterations, error= 2.885742118245852E-04
  Step accepted: perr= 4.374850510490528E-01

BDF2 step     14: T= 3.696823094079281E+01, H= 3.710829991221757E+00
    1: error= 4.562932869286223E-01
    2: error= 3.455976874960694E-02
    3: error= 3.115911262951888E-04
  NLK BCE solve succeeded:   3 iterations, error= 3.115911262951888E-04
  Step accepted: perr= 4.220172749246451E-01

BDF2 step     15: T= 4.067906093201456E+01, H= 3.677154485500509E+00
    1: error= 4.440495869690186E-01
    2: error= 3.552488310005333E-02
    3: error= 3.361720907504942E-04
  NLK BCE solve succeeded:   3 iterations, error= 3.361720907504942E-04
  Step accepted: perr= 4.088323306651742E-01

BDF2 step     16: T= 4.435621541751507E+01, H= 3.643784582484926E+00
    1: error= 4.326243617971864E-01
    2: error= 3.645050742263691E-02
    3: error= 3.605949410505155E-04
  NLK BCE solve succeeded:   3 iterations, error= 3.605949410505155E-04
  Step accepted: perr= 3.965052095934619E-01

BDF2 step     17: T= 4.800000000000000E+01, H= 2.819035895372082E+00
    1: error= 2.889401451691337E-01
    2: error= 5.363640490412997E-02
    3: error= 1.055544157334666E-03
  NLK BCE solve succeeded:   3 iterations, error= 1.055544157334666E-03
  Step accepted: perr= 2.477681041325707E-01

BDF2 step     18: T= 5.081903589537208E+01, H= 2.180964104627918E+00
    1: error= 1.799534752000711E-01
    2: error= 5.472998606645176E-02
    3: error= 1.512439442283010E-03
  NLK BCE solve succeeded:   3 iterations, error= 1.512439442283010E-03
  Step accepted: perr= 1.271984314549282E-01

BDF2 step     19: T= 5.300000000000000E+01, H= 5.000000000000000E+00
    1: error= 5.646678393104423E-01
    2: error= 4.604573356653869E-03
  NLK BCE solve succeeded:   2 iterations, error= 4.604573356653869E-03
  Step accepted: perr= 5.671342227465666E-01

BDF2 step     20: T= 5.800000000000000E+01, H= 3.492312868726387E+00
    1: error= 4.201190871335904E-01
    2: error= 2.989766872072873E-02
    3: error= 2.993580509682086E-04
  NLK BCE solve succeeded:   3 iterations, error= 2.993580509682086E-04
  Step accepted: perr= 4.201190871335904E-01

BDF2 step     21: T= 6.149231286872639E+01, H= 4.013507852239101E+00
    1: error= 5.291147698234638E-01
    2: error= 2.684965115235021E-02
    3: error= 1.800782695357263E-04
  NLK BCE solve succeeded:   3 iterations, error= 1.800782695357263E-04
  Step accepted: perr= 5.059826204133896E-01

BDF2 step     22: T= 6.550582072096549E+01, H= 4.020329238331044E+00
    1: error= 5.193584185041465E-01
    2: error= 2.043521155605755E-02
    3: error= 1.129200508139167E-04
  NLK BCE solve succeeded:   3 iterations, error= 1.129200508139167E-04
  Step accepted: perr= 4.990189490263594E-01

BDF2 step     23: T= 6.952614995929653E+01, H= 3.925403766826918E+00
    1: error= 5.109653724988429E-01
    2: error= 2.478512056774848E-02
    3: error= 1.595411191411485E-04
  NLK BCE solve succeeded:   3 iterations, error= 1.595411191411485E-04
  Step accepted: perr= 4.899668751297851E-01

BDF2 step     24: T= 7.345155372612345E+01, H= 4.011182022269367E+00
    1: error= 5.258660020860157E-01
    2: error= 2.207095220638224E-02
    3: error= 1.278794074469922E-04
  NLK BCE solve succeeded:   3 iterations, error= 1.278794074469922E-04
  Step accepted: perr= 5.038951577989080E-01

BDF2 step     25: T= 7.746273574839282E+01, H= 3.972547392881282E+00
    1: error= 5.159878047780242E-01
    2: error= 2.273583134449961E-02
    3: error= 1.366028298412620E-04
  NLK BCE solve succeeded:   3 iterations, error= 1.366028298412620E-04
  Step accepted: perr= 4.934314391160176E-01

BDF2 step     26: T= 8.143528314127410E+01, H= 4.003258290088979E+00
    1: error= 5.219232790505156E-01
    2: error= 2.183689237284007E-02
    3: error= 1.267361395666973E-04
  NLK BCE solve succeeded:   3 iterations, error= 1.267361395666973E-04
  Step accepted: perr= 5.001852285808959E-01

BDF2 step     27: T= 8.543854143136308E+01, H= 3.995510787653416E+00
    1: error= 5.197615084574345E-01
    2: error= 2.182898518206176E-02
    3: error= 1.271125141529999E-04
  NLK BCE solve succeeded:   3 iterations, error= 1.271125141529999E-04
  Step accepted: perr= 4.980318811030190E-01

BDF2 step     28: T= 8.943405221901649E+01, H= 4.002046430783253E+00
    1: error= 5.211605819320163E-01
    2: error= 2.163674630354611E-02
    3: error= 1.250271616046479E-04
  NLK BCE solve succeeded:   3 iterations, error= 1.250271616046479E-04
  Step accepted: perr= 4.996210314115797E-01

BDF2 step     29: T= 9.343609864979975E+01, H= 4.002138848759486E+00
    1: error= 5.209487185740871E-01
    2: error= 2.155755619525164E-02
    3: error= 1.243015596353914E-04
  NLK BCE solve succeeded:   3 iterations, error= 1.243015596353914E-04
  Step accepted: perr= 4.994876590100261E-01

BDF2 step     30: T= 9.743823749855923E+01, H= 4.003146442744693E+00
    1: error= 2.984647421118746E-01
    2: error= 1.161726671562717E-02
    3: error= 3.648083354941552E-05
  NLK BCE solve succeeded:   3 iterations, error= 3.648083354941552E-05
  Step accepted: perr= 2.868747805364287E-01

BDF2 step     31: T= 1.014413839413039E+02, H= 5.000000000000000E+00
    1: error= 6.176561237832733E+00
    2: error= 1.681172319622170E-01
    3: error= 1.472292905582526E-03
  NLK BCE solve succeeded:   3 iterations, error= 1.472292905582526E-03
  Step REJECTED: perr= 6.176561237832733E+00
  Changing H by a factor of  0.500

BDF2 step     31: T= 1.014413839413039E+02, H= 2.500000000000000E+00
    1: error= 2.012812590405392E+00
    2: error= 2.589676792125987E-01
    3: error= 1.160404018441771E-02
    4: error= 4.046584965184192E-05
  NLK BCE solve succeeded:   4 iterations, error= 4.046584965184192E-05
  Step accepted: perr= 2.012812590405392E+00

BDF2 step     32: T= 1.039413839413039E+02, H= 1.384630141592424E+00
    1: error= 5.236670722427849E-01
    2: error= 2.549461399231374E-01
    3: error= 1.161738964263052E-02
    4: error= 5.727754973448646E-05
  NLK BCE solve succeeded:   4 iterations, error= 5.727754973448646E-05
  Step accepted: perr= 3.186864101029427E-01

BDF2 step     33: T= 1.053260140828964E+02, H= 2.588352879991135E+00
    1: error= 7.437110954324044E-01
    2: error= 2.014187266147125E-01
    3: error= 2.148874122787181E-03
  NLK BCE solve succeeded:   3 iterations, error= 2.148874122787181E-03
  Step accepted: perr= 5.440848075188706E-01

BDF2 step     34: T= 1.079143669628875E+02, H= 2.126830679693199E+00
    1: error= 1.712446194976110E-01
    2: error= 4.725022911398341E-02
    3: error= 7.903775514677565E-04
  NLK BCE solve succeeded:   3 iterations, error= 7.903775514677565E-04
  Step accepted: perr= 1.240099225397413E-01

BDF2 step     35: T= 1.100411976425807E+02, H= 4.279837337007351E+00
    1: error= 1.265650717223266E-01
    2: error= 6.317380379256900E-03
  NLK BCE solve succeeded:   2 iterations, error= 6.317380379256900E-03
  Step accepted: perr= 1.202575718970774E-01

BDF2 step     36: T= 1.143210349795880E+02, H= 5.000000000000000E+00
    1: error= 2.498790766586723E-02
    2: error= 1.177390579353148E-03
  NLK BCE solve succeeded:   2 iterations, error= 1.177390579353148E-03
  Step accepted: perr= 2.611646530348697E-02

BDF2 step     37: T= 1.193210349795880E+02, H= 5.000000000000000E+00
    1: error= 2.630482377197207E-02
    2: error= 1.457251725303022E-03
  NLK BCE solve succeeded:   2 iterations, error= 1.457251725303022E-03
  Step accepted: perr= 2.766627934154303E-02

BDF2 step     38: T= 1.243210349795880E+02, H= 5.000000000000000E+00
    1: error= 9.957622233772927E-03
    2: error= 5.516666165576695E-04
  NLK BCE solve succeeded:   2 iterations, error= 5.516666165576695E-04
  Step accepted: perr= 1.047234417124152E-02

BDF2 step     39: T= 1.293210349795880E+02, H= 4.687002503039452E+00
    1: error= 1.547802519781960E-03
    2: error= 5.336608990989678E-05
  NLK BCE solve succeeded:   2 iterations, error= 5.336608990989678E-05
  Step accepted: perr= 1.595624545796965E-03

BDF2 step     40: T= 1.340080374826275E+02, H= 4.393598492699624E+00
    1: error= 2.933259280322734E-04
    2: error= 2.572653610040581E-06
  NLK BCE solve succeeded:   2 iterations, error= 2.572653610040581E-06
  Step accepted: perr= 2.949661226769246E-04

BDF2 step     41: T= 1.384016359753271E+02, H= 4.118561426526696E+00
    1: error= 3.108437351277517E-04
    2: error= 6.553983752614192E-06
  NLK BCE solve succeeded:   2 iterations, error= 6.553983752614192E-06
  Step accepted: perr= 3.043011372578502E-04

BDF2 step     42: T= 1.425201974018538E+02, H= 3.860741543010477E+00
    1: error= 1.221613284893126E-04
    2: error= 5.813075623647804E-06
  NLK BCE solve succeeded:   2 iterations, error= 5.813075623647804E-06
  Step accepted: perr= 1.163525945627609E-04

BDF2 step     43: T= 1.463809389448643E+02, H= 3.619061055135717E+00
    1: error= 2.658777356528078E-05
  NLK BCE solve succeeded:   1 iterations, error= 2.658777356528078E-05
  Step accepted: perr= 2.658777277551287E-05
