HEAT TRANSFER FUNCTION NORMS
  HC error: ||F||_2 = 5.498E-04 (initial)
  HC error: ||F||_2 = 1.102E-08, scaled = 2.004E+01
    1: error= 2.00353E+01
  HC error: ||F||_2 = 1.141E-11, scaled = 2.075E-02
    2: error= 2.07498E-02
  NLK BCE solve succeeded:   2 iterations, error= 2.07498E-02
HEAT TRANSFER FUNCTION NORMS
  HC error: ||F||_2 = 3.500E-05 (initial)
  HC error: ||F||_2 = 1.155E-08, scaled = 3.301E+02
    1: error= 3.30080E+02
  HC error: ||F||_2 = 1.202E-11, scaled = 3.435E-01
    2: error= 3.43536E-01
  NLK BCE solve succeeded:   2 iterations, error= 3.43536E-01
HEAT TRANSFER FUNCTION NORMS
  HC error: ||F||_2 = 5.312E-04 (initial)
  HC error: ||F||_2 = 1.762E-10, scaled = 3.316E-01
    1: error= 3.31630E-01
  HC error: ||F||_2 = 1.770E-13, scaled = 3.332E-04
    2: error= 3.33221E-04
  NLK BCE solve succeeded:   2 iterations, error= 3.33221E-04
HEAT TRANSFER FUNCTION NORMS
  HC error: ||F||_2 = 5.512E-04 (initial)
  HC error: ||F||_2 = 1.937E-10, scaled = 3.514E-01
    1: error= 3.51385E-01
  HC error: ||F||_2 = 1.942E-13, scaled = 3.523E-04
    2: error= 3.52290E-04
  NLK BCE solve succeeded:   2 iterations, error= 3.52290E-04
HEAT TRANSFER FUNCTION NORMS
  HC error: ||F||_2 = 5.773E-04 (initial)
  HC error: ||F||_2 = 2.516E-10, scaled = 4.358E-01
    1: error= 4.35753E-01
  HC error: ||F||_2 = 4.926E-13, scaled = 8.531E-04
    2: error= 8.53140E-04
  NLK BCE solve succeeded:   2 iterations, error= 8.53140E-04
HEAT TRANSFER FUNCTION NORMS
  HC error: ||F||_2 = 5.958E-04 (initial)
  HC error: ||F||_2 = 2.392E-10, scaled = 4.014E-01
    1: error= 4.01417E-01
  HC error: ||F||_2 = 2.675E-13, scaled = 4.490E-04
    2: error= 4.49005E-04
  NLK BCE solve succeeded:   2 iterations, error= 4.49005E-04
HEAT TRANSFER FUNCTION NORMS
  HC error: ||F||_2 = 6.363E-04 (initial)
  HC error: ||F||_2 = 2.938E-10, scaled = 4.617E-01
    1: error= 4.61727E-01
  HC error: ||F||_2 = 4.201E-13, scaled = 6.603E-04
    2: error= 6.60273E-04
  NLK BCE solve succeeded:   2 iterations, error= 6.60273E-04
HEAT TRANSFER FUNCTION NORMS
  HC error: ||F||_2 = 7.141E-04 (initial)
  HC error: ||F||_2 = 3.459E-10, scaled = 4.843E-01
    1: error= 4.84324E-01
  HC error: ||F||_2 = 4.288E-13, scaled = 6.005E-04
    2: error= 6.00527E-04
  NLK BCE solve succeeded:   2 iterations, error= 6.00527E-04
HEAT TRANSFER FUNCTION NORMS
  HC error: ||F||_2 = 7.475E-04 (initial)
  HC error: ||F||_2 = 3.857E-10, scaled = 5.160E-01
    1: error= 5.15990E-01
  HC error: ||F||_2 = 5.019E-13, scaled = 6.715E-04
    2: error= 6.71494E-04
  NLK BCE solve succeeded:   2 iterations, error= 6.71494E-04
HEAT TRANSFER FUNCTION NORMS
  HC error: ||F||_2 = 7.441E-04 (initial)
  HC error: ||F||_2 = 4.174E-10, scaled = 5.609E-01
    1: error= 5.60935E-01
  HC error: ||F||_2 = 6.106E-13, scaled = 8.206E-04
    2: error= 8.20625E-04
  NLK BCE solve succeeded:   2 iterations, error= 8.20625E-04
HEAT TRANSFER FUNCTION NORMS
  HC error: ||F||_2 = 7.533E-04 (initial)
  HC error: ||F||_2 = 4.502E-10, scaled = 5.975E-01
    1: error= 5.97541E-01
  HC error: ||F||_2 = 6.498E-13, scaled = 8.626E-04
    2: error= 8.62608E-04
  NLK BCE solve succeeded:   2 iterations, error= 8.62608E-04
HEAT TRANSFER FUNCTION NORMS
  HC error: ||F||_2 = 7.726E-04 (initial)
  HC error: ||F||_2 = 4.930E-10, scaled = 6.381E-01
    1: error= 6.38137E-01
  HC error: ||F||_2 = 7.098E-13, scaled = 9.187E-04
    2: error= 9.18657E-04
  NLK BCE solve succeeded:   2 iterations, error= 9.18657E-04
HEAT TRANSFER FUNCTION NORMS
  HC error: ||F||_2 = 8.016E-04 (initial)
  HC error: ||F||_2 = 5.417E-10, scaled = 6.757E-01
    1: error= 6.75710E-01
  HC error: ||F||_2 = 7.804E-13, scaled = 9.736E-04
    2: error= 9.73555E-04
  NLK BCE solve succeeded:   2 iterations, error= 9.73555E-04
HEAT TRANSFER FUNCTION NORMS
  HC error: ||F||_2 = 8.293E-04 (initial)
  HC error: ||F||_2 = 5.941E-10, scaled = 7.163E-01
    1: error= 7.16323E-01
  HC error: ||F||_2 = 8.550E-13, scaled = 1.031E-03
    2: error= 1.03096E-03
  NLK BCE solve succeeded:   2 iterations, error= 1.03096E-03
HEAT TRANSFER FUNCTION NORMS
  HC error: ||F||_2 = 8.593E-04 (initial)
  HC error: ||F||_2 = 6.509E-10, scaled = 7.575E-01
    1: error= 7.57474E-01
  HC error: ||F||_2 = 9.428E-13, scaled = 1.097E-03
    2: error= 1.09714E-03
  NLK BCE solve succeeded:   2 iterations, error= 1.09714E-03
HEAT TRANSFER FUNCTION NORMS
  HC error: ||F||_2 = 8.901E-04 (initial)
  HC error: ||F||_2 = 7.121E-10, scaled = 8.000E-01
    1: error= 7.99993E-01
  HC error: ||F||_2 = 1.039E-12, scaled = 1.168E-03
    2: error= 1.16765E-03
  NLK BCE solve succeeded:   2 iterations, error= 1.16765E-03
HEAT TRANSFER FUNCTION NORMS
  HC error: ||F||_2 = 9.219E-04 (initial)
  HC error: ||F||_2 = 7.777E-10, scaled = 8.436E-01
    1: error= 8.43613E-01
  HC error: ||F||_2 = 1.145E-12, scaled = 1.242E-03
    2: error= 1.24229E-03
  NLK BCE solve succeeded:   2 iterations, error= 1.24229E-03
HEAT TRANSFER FUNCTION NORMS
  HC error: ||F||_2 = 9.546E-04 (initial)
  HC error: ||F||_2 = 8.477E-10, scaled = 8.880E-01
    1: error= 8.87997E-01
  HC error: ||F||_2 = 1.261E-12, scaled = 1.321E-03
    2: error= 1.32116E-03
  NLK BCE solve succeeded:   2 iterations, error= 1.32116E-03
HEAT TRANSFER FUNCTION NORMS
  HC error: ||F||_2 = 9.884E-04 (initial)
  HC error: ||F||_2 = 9.220E-10, scaled = 9.328E-01
    1: error= 9.32825E-01
  HC error: ||F||_2 = 1.390E-12, scaled = 1.406E-03
    2: error= 1.40613E-03
  NLK BCE solve succeeded:   2 iterations, error= 1.40613E-03
HEAT TRANSFER FUNCTION NORMS
  HC error: ||F||_2 = 1.024E-03 (initial)
  HC error: ||F||_2 = 1.002E-09, scaled = 9.791E-01
    1: error= 9.79059E-01
  HC error: ||F||_2 = 1.562E-12, scaled = 1.526E-03
    2: error= 1.52604E-03
  NLK BCE solve succeeded:   2 iterations, error= 1.52604E-03
HEAT TRANSFER FUNCTION NORMS
  HC error: ||F||_2 = 1.192E-03 (initial)
  HC error: ||F||_2 = 1.162E-09, scaled = 9.750E-01
    1: error= 9.74964E-01
  HC error: ||F||_2 = 2.533E-12, scaled = 2.125E-03
    2: error= 2.12539E-03
  NLK BCE solve succeeded:   2 iterations, error= 2.12539E-03
HEAT TRANSFER FUNCTION NORMS
  HC error: ||F||_2 = 2.023E-03 (initial)
  HC error: ||F||_2 = 2.415E-09, scaled = 1.194E+00
    1: error= 1.19368E+00
  HC error: ||F||_2 = 5.071E-12, scaled = 2.506E-03
    2: error= 2.50586E-03
  NLK BCE solve succeeded:   2 iterations, error= 2.50586E-03
HEAT TRANSFER FUNCTION NORMS
  HC error: ||F||_2 = 1.414E-03 (initial)
  HC error: ||F||_2 = 4.894E-09, scaled = 3.461E+00
    1: error= 3.46146E+00
  HC error: ||F||_2 = 1.219E-11, scaled = 8.625E-03
    2: error= 8.62537E-03
  NLK BCE solve succeeded:   2 iterations, error= 8.62537E-03
HEAT TRANSFER FUNCTION NORMS
  HC error: ||F||_2 = 1.471E-03 (initial)
  HC error: ||F||_2 = 1.683E-09, scaled = 1.144E+00
    1: error= 1.14415E+00
  HC error: ||F||_2 = 3.195E-12, scaled = 2.171E-03
    2: error= 2.17149E-03
  NLK BCE solve succeeded:   2 iterations, error= 2.17149E-03
HEAT TRANSFER FUNCTION NORMS
  HC error: ||F||_2 = 1.539E-03 (initial)
  HC error: ||F||_2 = 1.817E-09, scaled = 1.181E+00
    1: error= 1.18107E+00
  HC error: ||F||_2 = 3.393E-12, scaled = 2.205E-03
    2: error= 2.20484E-03
  NLK BCE solve succeeded:   2 iterations, error= 2.20484E-03
HEAT TRANSFER FUNCTION NORMS
  HC error: ||F||_2 = 1.832E-03 (initial)
  HC error: ||F||_2 = 3.101E-09, scaled = 1.693E+00
    1: error= 1.69291E+00
  HC error: ||F||_2 = 6.528E-12, scaled = 3.563E-03
    2: error= 3.56347E-03
  NLK BCE solve succeeded:   2 iterations, error= 3.56347E-03
HEAT TRANSFER FUNCTION NORMS
  HC error: ||F||_2 = 2.523E-03 (initial)
  HC error: ||F||_2 = 3.637E-09, scaled = 1.442E+00
    1: error= 1.44160E+00
  HC error: ||F||_2 = 5.951E-12, scaled = 2.359E-03
    2: error= 2.35871E-03
  NLK BCE solve succeeded:   2 iterations, error= 2.35871E-03
HEAT TRANSFER FUNCTION NORMS
  HC error: ||F||_2 = 2.335E-03 (initial)
  HC error: ||F||_2 = 4.278E-09, scaled = 1.832E+00
    1: error= 1.83246E+00
  HC error: ||F||_2 = 7.772E-12, scaled = 3.329E-03
    2: error= 3.32878E-03
  NLK BCE solve succeeded:   2 iterations, error= 3.32878E-03
HEAT TRANSFER FUNCTION NORMS
  HC error: ||F||_2 = 2.569E-03 (initial)
  HC error: ||F||_2 = 4.222E-09, scaled = 1.644E+00
    1: error= 1.64373E+00
  HC error: ||F||_2 = 4.698E-12, scaled = 1.829E-03
    2: error= 1.82924E-03
  NLK BCE solve succeeded:   2 iterations, error= 1.82924E-03
HEAT TRANSFER FUNCTION NORMS
  HC error: ||F||_2 = 3.246E-03 (initial)
  HC error: ||F||_2 = 5.598E-09, scaled = 1.725E+00
    1: error= 1.72485E+00
  HC error: ||F||_2 = 8.393E-12, scaled = 2.586E-03
    2: error= 2.58593E-03
  NLK BCE solve succeeded:   2 iterations, error= 2.58593E-03
HEAT TRANSFER FUNCTION NORMS
  HC error: ||F||_2 = 2.718E-03 (initial)
  HC error: ||F||_2 = 4.299E-09, scaled = 1.582E+00
    1: error= 1.58158E+00
  HC error: ||F||_2 = 6.563E-12, scaled = 2.415E-03
    2: error= 2.41475E-03
  NLK BCE solve succeeded:   2 iterations, error= 2.41475E-03
HEAT TRANSFER FUNCTION NORMS
  HC error: ||F||_2 = 3.022E-03 (initial)
  HC error: ||F||_2 = 3.718E-09, scaled = 1.230E+00
    1: error= 1.23026E+00
  HC error: ||F||_2 = 6.308E-12, scaled = 2.087E-03
    2: error= 2.08736E-03
  NLK BCE solve succeeded:   2 iterations, error= 2.08736E-03
HEAT TRANSFER FUNCTION NORMS
  HC error: ||F||_2 = 3.632E-03 (initial)
  HC error: ||F||_2 = 3.812E-09, scaled = 1.049E+00
    1: error= 1.04938E+00
  HC error: ||F||_2 = 6.849E-12, scaled = 1.885E-03
    2: error= 1.88550E-03
  NLK BCE solve succeeded:   2 iterations, error= 1.88550E-03
HEAT TRANSFER FUNCTION NORMS
  HC error: ||F||_2 = 3.179E-03 (initial)
  HC error: ||F||_2 = 3.686E-09, scaled = 1.159E+00
    1: error= 1.15922E+00
  HC error: ||F||_2 = 7.904E-12, scaled = 2.486E-03
    2: error= 2.48601E-03
  NLK BCE solve succeeded:   2 iterations, error= 2.48601E-03
HEAT TRANSFER FUNCTION NORMS
  HC error: ||F||_2 = 3.514E-03 (initial)
  HC error: ||F||_2 = 4.823E-09, scaled = 1.373E+00
    1: error= 1.37259E+00
  HC error: ||F||_2 = 1.017E-11, scaled = 2.896E-03
    2: error= 2.89585E-03
  NLK BCE solve succeeded:   2 iterations, error= 2.89585E-03
HEAT TRANSFER FUNCTION NORMS
  HC error: ||F||_2 = 3.710E-03 (initial)
  HC error: ||F||_2 = 6.641E-09, scaled = 1.790E+00
    1: error= 1.79005E+00
  HC error: ||F||_2 = 8.357E-12, scaled = 2.253E-03
    2: error= 2.25251E-03
  NLK BCE solve succeeded:   2 iterations, error= 2.25251E-03
HEAT TRANSFER FUNCTION NORMS
  HC error: ||F||_2 = 3.179E-03 (initial)
  HC error: ||F||_2 = 4.395E-09, scaled = 1.383E+00
    1: error= 1.38261E+00
  HC error: ||F||_2 = 8.151E-12, scaled = 2.564E-03
    2: error= 2.56420E-03
  NLK BCE solve succeeded:   2 iterations, error= 2.56420E-03
HEAT TRANSFER FUNCTION NORMS
  HC error: ||F||_2 = 3.864E-03 (initial)
  HC error: ||F||_2 = 6.199E-09, scaled = 1.604E+00
    1: error= 1.60449E+00
  HC error: ||F||_2 = 6.003E-12, scaled = 1.554E-03
    2: error= 1.55373E-03
  NLK BCE solve succeeded:   2 iterations, error= 1.55373E-03
HEAT TRANSFER FUNCTION NORMS
  HC error: ||F||_2 = 3.410E-03 (initial)
  HC error: ||F||_2 = 5.076E-09, scaled = 1.488E+00
    1: error= 1.48849E+00
  HC error: ||F||_2 = 5.835E-12, scaled = 1.711E-03
    2: error= 1.71085E-03
  NLK BCE solve succeeded:   2 iterations, error= 1.71085E-03
HEAT TRANSFER FUNCTION NORMS
  HC error: ||F||_2 = 3.428E-03 (initial)
  HC error: ||F||_2 = 3.394E-09, scaled = 9.900E-01
    1: error= 9.90044E-01
  HC error: ||F||_2 = 4.750E-12, scaled = 1.386E-03
    2: error= 1.38558E-03
  NLK BCE solve succeeded:   2 iterations, error= 1.38558E-03
HEAT TRANSFER FUNCTION NORMS
  HC error: ||F||_2 = 3.754E-03 (initial)
  HC error: ||F||_2 = 3.485E-09, scaled = 9.283E-01
    1: error= 9.28325E-01
  HC error: ||F||_2 = 6.603E-12, scaled = 1.759E-03
    2: error= 1.75894E-03
  NLK BCE solve succeeded:   2 iterations, error= 1.75894E-03
HEAT TRANSFER FUNCTION NORMS
  HC error: ||F||_2 = 3.283E-03 (initial)
  HC error: ||F||_2 = 3.278E-09, scaled = 9.986E-01
    1: error= 9.98610E-01
  HC error: ||F||_2 = 4.662E-12, scaled = 1.420E-03
    2: error= 1.42006E-03
  NLK BCE solve succeeded:   2 iterations, error= 1.42006E-03
HEAT TRANSFER FUNCTION NORMS
  HC error: ||F||_2 = 3.354E-03 (initial)
  HC error: ||F||_2 = 3.090E-09, scaled = 9.213E-01
    1: error= 9.21279E-01
  HC error: ||F||_2 = 3.465E-12, scaled = 1.033E-03
    2: error= 1.03309E-03
  NLK BCE solve succeeded:   2 iterations, error= 1.03309E-03
