HEAT TRANSFER FUNCTION NORMS
  HC error: ||F||_2 = 5.456E-04 (initial)
  HC error: ||F||_2 = 8.888E-09, scaled = 1.629E+01
    1: error= 1.62910E+01
  HC error: ||F||_2 = 2.191E-12, scaled = 4.017E-03
    2: error= 4.01674E-03
  NLK BCE solve succeeded:   2 iterations, error= 4.01674E-03
HEAT TRANSFER FUNCTION NORMS
  HC error: ||F||_2 = 2.859E-05 (initial)
  HC error: ||F||_2 = 9.316E-09, scaled = 3.258E+02
    1: error= 3.25848E+02
  HC error: ||F||_2 = 2.299E-12, scaled = 8.042E-02
    2: error= 8.04206E-02
  NLK BCE solve succeeded:   2 iterations, error= 8.04206E-02
HEAT TRANSFER FUNCTION NORMS
  HC error: ||F||_2 = 5.321E-04 (initial)
  HC error: ||F||_2 = 5.823E-11, scaled = 1.094E-01
    1: error= 1.09441E-01
  HC error: ||F||_2 = 1.630E-14, scaled = 3.063E-05
    2: error= 3.06342E-05
  NLK BCE solve succeeded:   2 iterations, error= 3.06342E-05
HEAT TRANSFER FUNCTION NORMS
  HC error: ||F||_2 = 5.500E-04 (initial)
  HC error: ||F||_2 = 6.376E-11, scaled = 1.159E-01
    1: error= 1.15928E-01
  HC error: ||F||_2 = 1.844E-14, scaled = 3.353E-05
    2: error= 3.35251E-05
  NLK BCE solve succeeded:   2 iterations, error= 3.35251E-05
HEAT TRANSFER FUNCTION NORMS
  HC error: ||F||_2 = 5.749E-04 (initial)
  HC error: ||F||_2 = 7.715E-11, scaled = 1.342E-01
    1: error= 1.34196E-01
  HC error: ||F||_2 = 2.095E-14, scaled = 3.643E-05
    2: error= 3.64337E-05
  NLK BCE solve succeeded:   2 iterations, error= 3.64337E-05
HEAT TRANSFER FUNCTION NORMS
  HC error: ||F||_2 = 6.054E-04 (initial)
  HC error: ||F||_2 = 8.346E-11, scaled = 1.379E-01
    1: error= 1.37860E-01
  HC error: ||F||_2 = 2.107E-14, scaled = 3.480E-05
    2: error= 3.48002E-05
  NLK BCE solve succeeded:   2 iterations, error= 3.48002E-05
HEAT TRANSFER FUNCTION NORMS
  HC error: ||F||_2 = 6.349E-04 (initial)
  HC error: ||F||_2 = 9.177E-11, scaled = 1.445E-01
    1: error= 1.44542E-01
  HC error: ||F||_2 = 2.494E-14, scaled = 3.929E-05
    2: error= 3.92873E-05
  NLK BCE solve succeeded:   2 iterations, error= 3.92873E-05
HEAT TRANSFER FUNCTION NORMS
  HC error: ||F||_2 = 7.309E-04 (initial)
  HC error: ||F||_2 = 9.899E-11, scaled = 1.355E-01
    1: error= 1.35451E-01
  HC error: ||F||_2 = 3.086E-14, scaled = 4.222E-05
    2: error= 4.22247E-05
  NLK BCE solve succeeded:   2 iterations, error= 4.22247E-05
HEAT TRANSFER FUNCTION NORMS
  HC error: ||F||_2 = 7.066E-04 (initial)
  HC error: ||F||_2 = 1.107E-10, scaled = 1.567E-01
    1: error= 1.56696E-01
  HC error: ||F||_2 = 4.244E-14, scaled = 6.006E-05
    2: error= 6.00583E-05
  NLK BCE solve succeeded:   2 iterations, error= 6.00583E-05
HEAT TRANSFER FUNCTION NORMS
  HC error: ||F||_2 = 7.449E-04 (initial)
  HC error: ||F||_2 = 1.289E-10, scaled = 1.731E-01
    1: error= 1.73075E-01
  HC error: ||F||_2 = 4.759E-14, scaled = 6.389E-05
    2: error= 6.38882E-05
  NLK BCE solve succeeded:   2 iterations, error= 6.38882E-05
HEAT TRANSFER FUNCTION NORMS
  HC error: ||F||_2 = 7.574E-04 (initial)
  HC error: ||F||_2 = 1.394E-10, scaled = 1.840E-01
    1: error= 1.84025E-01
  HC error: ||F||_2 = 4.847E-14, scaled = 6.399E-05
    2: error= 6.39867E-05
  NLK BCE solve succeeded:   2 iterations, error= 6.39867E-05
HEAT TRANSFER FUNCTION NORMS
  HC error: ||F||_2 = 7.728E-04 (initial)
  HC error: ||F||_2 = 1.511E-10, scaled = 1.956E-01
    1: error= 1.95556E-01
  HC error: ||F||_2 = 4.975E-14, scaled = 6.438E-05
    2: error= 6.43819E-05
  NLK BCE solve succeeded:   2 iterations, error= 6.43819E-05
HEAT TRANSFER FUNCTION NORMS
  HC error: ||F||_2 = 8.015E-04 (initial)
  HC error: ||F||_2 = 1.644E-10, scaled = 2.051E-01
    1: error= 2.05110E-01
  HC error: ||F||_2 = 5.178E-14, scaled = 6.460E-05
    2: error= 6.46023E-05
  NLK BCE solve succeeded:   2 iterations, error= 6.46023E-05
HEAT TRANSFER FUNCTION NORMS
  HC error: ||F||_2 = 8.293E-04 (initial)
  HC error: ||F||_2 = 1.786E-10, scaled = 2.154E-01
    1: error= 2.15414E-01
  HC error: ||F||_2 = 5.435E-14, scaled = 6.553E-05
    2: error= 6.55330E-05
  NLK BCE solve succeeded:   2 iterations, error= 6.55330E-05
HEAT TRANSFER FUNCTION NORMS
  HC error: ||F||_2 = 8.593E-04 (initial)
  HC error: ||F||_2 = 1.948E-10, scaled = 2.267E-01
    1: error= 2.26663E-01
  HC error: ||F||_2 = 5.765E-14, scaled = 6.709E-05
    2: error= 6.70851E-05
  NLK BCE solve succeeded:   2 iterations, error= 6.70851E-05
HEAT TRANSFER FUNCTION NORMS
  HC error: ||F||_2 = 8.901E-04 (initial)
  HC error: ||F||_2 = 2.126E-10, scaled = 2.388E-01
    1: error= 2.38801E-01
  HC error: ||F||_2 = 6.167E-14, scaled = 6.929E-05
    2: error= 6.92877E-05
  NLK BCE solve succeeded:   2 iterations, error= 6.92877E-05
HEAT TRANSFER FUNCTION NORMS
  HC error: ||F||_2 = 9.218E-04 (initial)
  HC error: ||F||_2 = 2.321E-10, scaled = 2.518E-01
    1: error= 2.51785E-01
  HC error: ||F||_2 = 6.651E-14, scaled = 7.215E-05
    2: error= 7.21501E-05
  NLK BCE solve succeeded:   2 iterations, error= 7.21501E-05
HEAT TRANSFER FUNCTION NORMS
  HC error: ||F||_2 = 9.544E-04 (initial)
  HC error: ||F||_2 = 2.533E-10, scaled = 2.654E-01
    1: error= 2.65444E-01
  HC error: ||F||_2 = 7.222E-14, scaled = 7.567E-05
    2: error= 7.56747E-05
  NLK BCE solve succeeded:   2 iterations, error= 7.56747E-05
HEAT TRANSFER FUNCTION NORMS
  HC error: ||F||_2 = 9.881E-04 (initial)
  HC error: ||F||_2 = 2.762E-10, scaled = 2.795E-01
    1: error= 2.79539E-01
  HC error: ||F||_2 = 7.900E-14, scaled = 7.995E-05
    2: error= 7.99522E-05
  NLK BCE solve succeeded:   2 iterations, error= 7.99522E-05
HEAT TRANSFER FUNCTION NORMS
  HC error: ||F||_2 = 1.023E-03 (initial)
  HC error: ||F||_2 = 3.003E-10, scaled = 2.934E-01
    1: error= 2.93434E-01
  HC error: ||F||_2 = 8.784E-14, scaled = 8.583E-05
    2: error= 8.58343E-05
  NLK BCE solve succeeded:   2 iterations, error= 8.58343E-05
HEAT TRANSFER FUNCTION NORMS
  HC error: ||F||_2 = 1.198E-03 (initial)
  HC error: ||F||_2 = 2.805E-10, scaled = 2.342E-01
    1: error= 2.34202E-01
  HC error: ||F||_2 = 7.966E-14, scaled = 6.651E-05
    2: error= 6.65139E-05
  NLK BCE solve succeeded:   2 iterations, error= 6.65139E-05
HEAT TRANSFER FUNCTION NORMS
  HC error: ||F||_2 = 2.045E-03 (initial)
  HC error: ||F||_2 = 5.614E-10, scaled = 2.745E-01
    1: error= 2.74490E-01
  HC error: ||F||_2 = 2.598E-13, scaled = 1.270E-04
    2: error= 1.27022E-04
  NLK BCE solve succeeded:   2 iterations, error= 1.27022E-04
HEAT TRANSFER FUNCTION NORMS
  HC error: ||F||_2 = 1.412E-03 (initial)
  HC error: ||F||_2 = 7.022E-10, scaled = 4.974E-01
    1: error= 4.97368E-01
  HC error: ||F||_2 = 3.800E-13, scaled = 2.691E-04
    2: error= 2.69126E-04
  NLK BCE solve succeeded:   2 iterations, error= 2.69126E-04
HEAT TRANSFER FUNCTION NORMS
  HC error: ||F||_2 = 1.471E-03 (initial)
  HC error: ||F||_2 = 5.515E-10, scaled = 3.750E-01
    1: error= 3.75006E-01
  HC error: ||F||_2 = 2.140E-13, scaled = 1.455E-04
    2: error= 1.45540E-04
  NLK BCE solve succeeded:   2 iterations, error= 1.45540E-04
HEAT TRANSFER FUNCTION NORMS
  HC error: ||F||_2 = 1.537E-03 (initial)
  HC error: ||F||_2 = 5.956E-10, scaled = 3.876E-01
    1: error= 3.87609E-01
  HC error: ||F||_2 = 2.397E-13, scaled = 1.560E-04
    2: error= 1.55978E-04
  NLK BCE solve succeeded:   2 iterations, error= 1.55978E-04
HEAT TRANSFER FUNCTION NORMS
  HC error: ||F||_2 = 1.839E-03 (initial)
  HC error: ||F||_2 = 5.663E-10, scaled = 3.080E-01
    1: error= 3.07988E-01
  HC error: ||F||_2 = 1.397E-13, scaled = 7.596E-05
    2: error= 7.59622E-05
  NLK BCE solve succeeded:   2 iterations, error= 7.59622E-05
HEAT TRANSFER FUNCTION NORMS
  HC error: ||F||_2 = 2.525E-03 (initial)
  HC error: ||F||_2 = 7.971E-10, scaled = 3.157E-01
    1: error= 3.15720E-01
  HC error: ||F||_2 = 3.300E-13, scaled = 1.307E-04
    2: error= 1.30689E-04
  NLK BCE solve succeeded:   2 iterations, error= 1.30689E-04
HEAT TRANSFER FUNCTION NORMS
  HC error: ||F||_2 = 2.333E-03 (initial)
  HC error: ||F||_2 = 7.790E-10, scaled = 3.339E-01
    1: error= 3.33909E-01
  HC error: ||F||_2 = 3.140E-13, scaled = 1.346E-04
    2: error= 1.34571E-04
  NLK BCE solve succeeded:   2 iterations, error= 1.34571E-04
HEAT TRANSFER FUNCTION NORMS
  HC error: ||F||_2 = 2.576E-03 (initial)
  HC error: ||F||_2 = 8.676E-10, scaled = 3.368E-01
    1: error= 3.36824E-01
  HC error: ||F||_2 = 2.495E-13, scaled = 9.686E-05
    2: error= 9.68640E-05
  NLK BCE solve succeeded:   2 iterations, error= 9.68640E-05
HEAT TRANSFER FUNCTION NORMS
  HC error: ||F||_2 = 3.252E-03 (initial)
  HC error: ||F||_2 = 1.049E-09, scaled = 3.226E-01
    1: error= 3.22636E-01
  HC error: ||F||_2 = 4.468E-13, scaled = 1.374E-04
    2: error= 1.37421E-04
  NLK BCE solve succeeded:   2 iterations, error= 1.37421E-04
HEAT TRANSFER FUNCTION NORMS
  HC error: ||F||_2 = 2.718E-03 (initial)
  HC error: ||F||_2 = 7.560E-10, scaled = 2.781E-01
    1: error= 2.78122E-01
  HC error: ||F||_2 = 3.388E-13, scaled = 1.246E-04
    2: error= 1.24642E-04
  NLK BCE solve succeeded:   2 iterations, error= 1.24642E-04
HEAT TRANSFER FUNCTION NORMS
  HC error: ||F||_2 = 3.034E-03 (initial)
  HC error: ||F||_2 = 9.830E-10, scaled = 3.240E-01
    1: error= 3.24044E-01
  HC error: ||F||_2 = 4.195E-13, scaled = 1.383E-04
    2: error= 1.38275E-04
  NLK BCE solve succeeded:   2 iterations, error= 1.38275E-04
HEAT TRANSFER FUNCTION NORMS
  HC error: ||F||_2 = 3.641E-03 (initial)
  HC error: ||F||_2 = 1.060E-09, scaled = 2.910E-01
    1: error= 2.91039E-01
  HC error: ||F||_2 = 3.224E-13, scaled = 8.856E-05
    2: error= 8.85578E-05
  NLK BCE solve succeeded:   2 iterations, error= 8.85578E-05
HEAT TRANSFER FUNCTION NORMS
  HC error: ||F||_2 = 3.175E-03 (initial)
  HC error: ||F||_2 = 7.033E-10, scaled = 2.215E-01
    1: error= 2.21540E-01
  HC error: ||F||_2 = 2.199E-13, scaled = 6.927E-05
    2: error= 6.92670E-05
  NLK BCE solve succeeded:   2 iterations, error= 6.92670E-05
HEAT TRANSFER FUNCTION NORMS
  HC error: ||F||_2 = 3.521E-03 (initial)
  HC error: ||F||_2 = 8.727E-10, scaled = 2.479E-01
    1: error= 2.47860E-01
  HC error: ||F||_2 = 3.395E-13, scaled = 9.642E-05
    2: error= 9.64156E-05
  NLK BCE solve succeeded:   2 iterations, error= 9.64156E-05
HEAT TRANSFER FUNCTION NORMS
  HC error: ||F||_2 = 3.641E-03 (initial)
  HC error: ||F||_2 = 1.046E-09, scaled = 2.873E-01
    1: error= 2.87303E-01
  HC error: ||F||_2 = 4.503E-13, scaled = 1.237E-04
    2: error= 1.23675E-04
  NLK BCE solve succeeded:   2 iterations, error= 1.23675E-04
HEAT TRANSFER FUNCTION NORMS
  HC error: ||F||_2 = 3.175E-03 (initial)
  HC error: ||F||_2 = 7.836E-10, scaled = 2.468E-01
    1: error= 2.46781E-01
  HC error: ||F||_2 = 3.153E-13, scaled = 9.931E-05
    2: error= 9.93142E-05
  NLK BCE solve succeeded:   2 iterations, error= 9.93142E-05
HEAT TRANSFER FUNCTION NORMS
  HC error: ||F||_2 = 3.847E-03 (initial)
  HC error: ||F||_2 = 1.163E-09, scaled = 3.024E-01
    1: error= 3.02353E-01
  HC error: ||F||_2 = 7.187E-13, scaled = 1.868E-04
    2: error= 1.86840E-04
  NLK BCE solve succeeded:   2 iterations, error= 1.86840E-04
HEAT TRANSFER FUNCTION NORMS
  HC error: ||F||_2 = 3.408E-03 (initial)
  HC error: ||F||_2 = 6.396E-10, scaled = 1.877E-01
    1: error= 1.87690E-01
  HC error: ||F||_2 = 2.982E-13, scaled = 8.750E-05
    2: error= 8.74976E-05
  NLK BCE solve succeeded:   2 iterations, error= 8.74976E-05
HEAT TRANSFER FUNCTION NORMS
  HC error: ||F||_2 = 3.363E-03 (initial)
  HC error: ||F||_2 = 7.413E-10, scaled = 2.205E-01
    1: error= 2.20455E-01
  HC error: ||F||_2 = 3.437E-13, scaled = 1.022E-04
    2: error= 1.02222E-04
  NLK BCE solve succeeded:   2 iterations, error= 1.02222E-04
HEAT TRANSFER FUNCTION NORMS
  HC error: ||F||_2 = 3.734E-03 (initial)
  HC error: ||F||_2 = 8.469E-10, scaled = 2.268E-01
    1: error= 2.26828E-01
  HC error: ||F||_2 = 4.487E-13, scaled = 1.202E-04
    2: error= 1.20182E-04
  NLK BCE solve succeeded:   2 iterations, error= 1.20182E-04
HEAT TRANSFER FUNCTION NORMS
  HC error: ||F||_2 = 3.304E-03 (initial)
  HC error: ||F||_2 = 6.959E-10, scaled = 2.106E-01
    1: error= 2.10640E-01
  HC error: ||F||_2 = 3.035E-13, scaled = 9.187E-05
    2: error= 9.18682E-05
  NLK BCE solve succeeded:   2 iterations, error= 9.18682E-05
HEAT TRANSFER FUNCTION NORMS
  HC error: ||F||_2 = 3.295E-03 (initial)
  HC error: ||F||_2 = 4.246E-10, scaled = 1.289E-01
    1: error= 1.28876E-01
  HC error: ||F||_2 = 1.499E-13, scaled = 4.549E-05
    2: error= 4.54893E-05
  NLK BCE solve succeeded:   2 iterations, error= 4.54893E-05
HEAT TRANSFER FUNCTION NORMS
  HC error: ||F||_2 = 2.560E-03 (initial)
  HC error: ||F||_2 = 2.624E-10, scaled = 1.025E-01
    1: error= 1.02503E-01
  HC error: ||F||_2 = 1.406E-13, scaled = 5.494E-05
    2: error= 5.49392E-05
  NLK BCE solve succeeded:   2 iterations, error= 5.49392E-05
